DEFINED_CRT_ORG_CODE            = $0001 ; const, local, , cpc_crt0, , C:/Users/r4373259/AppData/Local/Temp/zcc0000754C890A4/zcc_opt.def:3
CRT_ORG_CODE                    = $0400 ; const, local, , cpc_crt0, , C:/Users/r4373259/AppData/Local/Temp/zcc0000754C890A4/zcc_opt.def:4
start                           = $0400 ; addr, local, , cpc_crt0, , crt.asm:7
T_WIDTH                         = $0020 ; const, local, , tilemap_conf_asm, , tilemap_conf.asm:66
T_HEIGHT                        = $0018 ; const, local, , tilemap_conf_asm, , tilemap_conf.asm:67
vpClipStruct                    = $1704 ; addr, local, , mk1_c, code_compiler, definitions.h:4
fsClipStruct                    = $1708 ; addr, local, , mk1_c, code_compiler, definitions.h:4
i_1                             = $56BF ; addr, local, , mk1_c, rodata_compiler, mk1.c::main::0::124:118
HLshr6_A                        = $1724 ; addr, local, , mk1_c, code_compiler, mtasmlib.h:6
Ashl16_HL                       = $172F ; addr, local, , mk1_c, code_compiler, mtasmlib.h:6
withSign                        = $173B ; addr, local, , mk1_c, code_compiler, mtasmlib.h:6
depack                          = $1743 ; addr, local, , mk1_c, code_compiler, aplib.h:11
apbranch1                       = $1746 ; addr, local, , mk1_c, code_compiler, aplib.h:11
aploop0                         = $1748 ; addr, local, , mk1_c, code_compiler, aplib.h:11
ap_getbit                       = $17CA ; addr, local, , mk1_c, code_compiler, aplib.h:11
aploop                          = $174B ; addr, local, , mk1_c, code_compiler, aplib.h:11
apbranch2                       = $1789 ; addr, local, , mk1_c, code_compiler, aplib.h:11
apbranch3                       = $1775 ; addr, local, , mk1_c, code_compiler, aplib.h:11
apget4bits                      = $175E ; addr, local, , mk1_c, code_compiler, aplib.h:11
apbranch4                       = $176C ; addr, local, , mk1_c, code_compiler, aplib.h:11
apwritebyte                     = $1768 ; addr, local, , mk1_c, code_compiler, aplib.h:11
ap_finishup2                    = $17B7 ; addr, local, , mk1_c, code_compiler, aplib.h:11
ap_getgamma                     = $17D6 ; addr, local, , mk1_c, code_compiler, aplib.h:11
ap_r0_gamma                     = $17BE ; addr, local, , mk1_c, code_compiler, aplib.h:11
apskip2                         = $17A8 ; addr, local, , mk1_c, code_compiler, aplib.h:11
apskip3                         = $17B1 ; addr, local, , mk1_c, code_compiler, aplib.h:11
ap_finishup                     = $17B4 ; addr, local, , mk1_c, code_compiler, aplib.h:11
ap_getgammaloop                 = $17D9 ; addr, local, , mk1_c, code_compiler, aplib.h:11
bo_l1                           = $23CA ; addr, local, , mk1_c, code_compiler, pantallas.h::blackout::0::1:32
_font                           = $23ED ; addr, local, , mk1_c, code_compiler, assets/tileset.h::show_buffer_and_tiles::0::3:5
_tspatterns                     = $27ED ; addr, local, , mk1_c, code_compiler, assets/tileset.h::show_buffer_and_tiles::0::3:5
_attr_2                         = $38DC ; addr, local, , mk1_c, code_compiler, printer.h::attr::0::3:6
_attr_1                         = $38E4 ; addr, local, , mk1_c, code_compiler, printer.h::attr::0::3:6
_attr_1b                        = $38EE ; addr, local, , mk1_c, code_compiler, printer.h::attr::0::3:6
_map_attr                       = $C600 ; const, local, , mk1_c, code_compiler, mk1.c::main::0::124:118
_attr_end                       = $3901 ; addr, local, , mk1_c, code_compiler, printer.h::attr::0::3:6
qtile_do                        = $390C ; addr, local, , mk1_c, code_compiler, printer.h::qtile::0::4:61
_map_buff                       = $C696 ; const, local, , mk1_c, code_compiler, mk1.c::main::0::124:118
_draw_decorations_loop          = $39A1 ; addr, local, , mk1_c, code_compiler, printer.h::draw_decorations::0::11:491
print_str_loop                  = $3A53 ; addr, local, , mk1_c, code_compiler, printer.h::print_str::0::14:663
print_str_inv                   = $3A65 ; addr, local, , mk1_c, code_compiler, printer.h::print_str::0::14:663
i_16                            = $3A84 ; addr, local, , mk1_c, code_compiler, printer.h::clear_sprites::0::15:717
i_14                            = $3A7F ; addr, local, , mk1_c, code_compiler, printer.h::clear_sprites::0::15:717
i_15                            = $3AA5 ; addr, local, , mk1_c, code_compiler, printer.h::clear_sprites::0::15:717
_sp_sw                          = $E600 ; const, local, , mk1_c, code_compiler, mk1.c::main::0::124:118
i_17                            = $3AAB ; addr, local, , mk1_c, code_compiler, printer.h::pal_set::0::17:727
i_18                            = $3AD3 ; addr, local, , mk1_c, code_compiler, printer.h::pal_set::0::17:727
i_19                            = $3B09 ; addr, local, , mk1_c, code_compiler, engine/update.h::cpc_UpdateNow::0::18:9
_cpc_screen_update_inv_loop     = $3AE0 ; addr, local, , mk1_c, code_compiler, engine/update.h::cpc_UpdateNow::0::18:9
_cpc_screen_update_inv_ret      = $3B02 ; addr, local, , mk1_c, code_compiler, engine/update.h::cpc_UpdateNow::0::18:9
_cpc_screen_update_upd_buffer   = $3B09 ; addr, local, , mk1_c, code_compiler, engine/update.h::cpc_UpdateNow::0::18:9
i_20                            = $3B40 ; addr, local, , mk1_c, code_compiler, engine/update.h::cpc_UpdateNow::0::18:9
_cpc_screen_update_upd_loop     = $3B18 ; addr, local, , mk1_c, code_compiler, engine/update.h::cpc_UpdateNow::0::18:9
_cpc_screen_update_upd_ret      = $3B3B ; addr, local, , mk1_c, code_compiler, engine/update.h::cpc_UpdateNow::0::18:9
_cpc_screen_update_done         = $3B40 ; addr, local, , mk1_c, code_compiler, engine/update.h::cpc_UpdateNow::0::18:9
_cm_two_points_at1_reset        = $3B87 ; addr, local, , mk1_c, code_compiler, engine/general.h::cm_two_points::0::22:63
_cm_two_points_at1_do           = $3B8A ; addr, local, , mk1_c, code_compiler, engine/general.h::cm_two_points::0::22:63
_cm_two_points_at1_done         = $3BA4 ; addr, local, , mk1_c, code_compiler, engine/general.h::cm_two_points::0::22:63
_cm_two_points_at2_reset        = $3BB5 ; addr, local, , mk1_c, code_compiler, engine/general.h::cm_two_points::0::22:63
_cm_two_points_at2_do           = $3BB8 ; addr, local, , mk1_c, code_compiler, engine/general.h::cm_two_points::0::22:63
_cm_two_points_at2_done         = $3BD2 ; addr, local, , mk1_c, code_compiler, engine/general.h::cm_two_points::0::22:63
rand16                          = $3BD6 ; addr, local, , mk1_c, code_compiler, engine/general.h::rand::0::23:138
nextrand                        = $3BF2 ; addr, local, , mk1_c, code_compiler, engine/general.h::rand::0::23:138
i_21                            = $3C10 ; addr, local, , mk1_c, code_compiler, engine/general.h::abs::0::24:182
i_22                            = $3C15 ; addr, local, , mk1_c, code_compiler, engine/general.h::abs::0::24:182
i_23                            = $3C99 ; addr, local, , mk1_c, code_compiler, engine.h::addsign::0::27:20
i_24                            = $3CA1 ; addr, local, , mk1_c, code_compiler, engine.h::addsign::0::27:20
i_25                            = $3CA2 ; addr, local, , mk1_c, code_compiler, engine.h::espera_activa::0::28:28
i_26                            = $3CAA ; addr, local, , mk1_c, code_compiler, engine.h::espera_activa::0::28:28
i_29                            = $3CAA ; addr, local, , mk1_c, code_compiler, engine.h::espera_activa::0::28:28
i_28                            = $3CC2 ; addr, local, , mk1_c, code_compiler, engine.h::espera_activa::0::28:28
i_30                            = $3CB8 ; addr, local, , mk1_c, code_compiler, engine.h::espera_activa::0::28:28
i_27                            = $3CB8 ; addr, local, , mk1_c, code_compiler, engine.h::espera_activa::0::28:28
i_33                            = $3CF7 ; addr, local, , mk1_c, code_compiler, engine.h::draw_scr_background::0::30:352
i_31                            = $3CF0 ; addr, local, , mk1_c, code_compiler, engine.h::draw_scr_background::0::30:352
i_32                            = $3D44 ; addr, local, , mk1_c, code_compiler, engine.h::draw_scr_background::0::30:352
_advance_worm_no_inc_y          = $3D3E ; addr, local, , mk1_c, code_compiler, engine.h::draw_scr_background::0::30:352
_hotspots_setup_done            = $3DC1 ; addr, local, , mk1_c, code_compiler, engine.h::draw_scr::1::33:669
_hotspots_setup_do              = $3D87 ; addr, local, , mk1_c, code_compiler, engine.h::draw_scr::1::33:553
_hotspots_setup_set             = $3DB9 ; addr, local, , mk1_c, code_compiler, engine.h::draw_scr::1::33:553
_hotspots_setup_set_refill      = $3DB8 ; addr, local, , mk1_c, code_compiler, engine.h::draw_scr::1::33:553
_mons_col_sc_x_lineal           = $3DCC ; addr, local, , mk1_c, code_compiler, engine.h::mons_col_sc_x::0::33:768
_mons_col_sc_x_compare          = $3DD2 ; addr, local, , mk1_c, code_compiler, engine.h::mons_col_sc_x::0::33:768
_mons_col_sc_x_horz_positive    = $3DDF ; addr, local, , mk1_c, code_compiler, engine.h::mons_col_sc_x::0::33:768
_mons_col_sc_x_horz_negative_zero = $3DDC ; addr, local, , mk1_c, code_compiler, engine.h::mons_col_sc_x::0::33:768
_mons_col_sc_x_horz_set         = $3DE0 ; addr, local, , mk1_c, code_compiler, engine.h::mons_col_sc_x::0::33:768
i_34                            = $3E34 ; addr, local, , mk1_c, code_compiler, engine.h::mons_col_sc_x::0::33:768
i_35                            = $3E37 ; addr, local, , mk1_c, code_compiler, engine.h::mons_col_sc_x::0::33:768
_mons_col_sc_y_lineal           = $3E3A ; addr, local, , mk1_c, code_compiler, engine.h::mons_col_sc_y::0::34:849
_mons_col_sc_y_compare          = $3E40 ; addr, local, , mk1_c, code_compiler, engine.h::mons_col_sc_y::0::34:849
_mons_col_sc_y_vert_positive    = $3E4D ; addr, local, , mk1_c, code_compiler, engine.h::mons_col_sc_y::0::34:849
_mons_col_sc_y_vert_negative_zero = $3E4A ; addr, local, , mk1_c, code_compiler, engine.h::mons_col_sc_y::0::34:849
_mons_col_sc_y_vert_set         = $3E4E ; addr, local, , mk1_c, code_compiler, engine.h::mons_col_sc_y::0::34:849
i_36                            = $3E92 ; addr, local, , mk1_c, code_compiler, engine.h::mons_col_sc_y::0::34:849
i_37                            = $3E95 ; addr, local, , mk1_c, code_compiler, engine.h::mons_col_sc_y::0::34:849
_player_gravity_add             = $3F63 ; addr, local, , mk1_c, code_compiler, engine/player.h::player_move::0::37:247
_player_gravity_maximum         = $3F69 ; addr, local, , mk1_c, code_compiler, engine/player.h::player_move::0::37:247
_player_gravity_vy_set          = $3F6C ; addr, local, , mk1_c, code_compiler, engine/player.h::player_move::0::37:247
_player_gravity_done            = $3F6F ; addr, local, , mk1_c, code_compiler, engine/player.h::player_move::0::37:247
_player_gravity_p_gotten_done   = $3F7F ; addr, local, , mk1_c, code_compiler, engine/player.h::player_move::0::37:247
i_38                            = $3F9C ; addr, local, , mk1_c, code_compiler, engine/player.h::player_move::1::39:372
i_39                            = $3FAA ; addr, local, , mk1_c, code_compiler, engine/player.h::player_move::1::39:372
i_40                            = $3FBD ; addr, local, , mk1_c, code_compiler, engine/player.h::player_move::1::39:372
i_41                            = $402A ; addr, local, , mk1_c, code_compiler, engine/player.h::player_move::3::41:410
i_43                            = $400A ; addr, local, , mk1_c, code_compiler, engine/player.h::player_move::1::39:372
i_42                            = $402A ; addr, local, , mk1_c, code_compiler, engine/player.h::player_move::3::41:410
i_45                            = $4098 ; addr, local, , mk1_c, code_compiler, engine/player.h::player_move::3::43:487
i_47                            = $4073 ; addr, local, , mk1_c, code_compiler, engine/player.h::player_move::3::41:410
i_48                            = $4098 ; addr, local, , mk1_c, code_compiler, engine/player.h::player_move::3::41:410
i_49                            = $4073 ; addr, local, , mk1_c, code_compiler, engine/player.h::player_move::3::41:410
i_46                            = $4098 ; addr, local, , mk1_c, code_compiler, engine/player.h::player_move::3::43:487
i_52_i_48                       = $4073 ; addr, local, , mk1_c, code_compiler, engine/player.h::player_move::3::41:410
evil_tile_check_vert_done       = $40BB ; addr, local, , mk1_c, code_compiler, engine/player.h::player_move::3::43:487
i_53                            = $40EF ; addr, local, , mk1_c, code_compiler, engine/player.h::player_move::3::43:487
i_54                            = $40F2 ; addr, local, , mk1_c, code_compiler, engine/player.h::player_move::3::43:487
i_55                            = $4171 ; addr, local, , mk1_c, code_compiler, engine/player.h::player_move::3::45:640
i_56                            = $412B ; addr, local, , mk1_c, code_compiler, engine/player.h::player_move::3::45:640
i_58                            = $4119 ; addr, local, , mk1_c, code_compiler, engine/player.h::player_move::3::45:640
i_57                            = $4175 ; addr, local, , mk1_c, code_compiler, engine/player.h::player_move::3::45:640
i_60                            = $4175 ; addr, local, , mk1_c, code_compiler, engine/player.h::player_move::3::45:640
i_61                            = $415A ; addr, local, , mk1_c, code_compiler, engine/player.h::player_move::3::45:640
i_62                            = $4175 ; addr, local, , mk1_c, code_compiler, engine/player.h::player_move::3::45:640
i_63                            = $4175 ; addr, local, , mk1_c, code_compiler, engine/player.h::player_move::3::45:640
i_65                            = $418B ; addr, local, , mk1_c, code_compiler, engine/player.h::player_move::3::45:640
i_66                            = $418E ; addr, local, , mk1_c, code_compiler, engine/player.h::player_move::3::45:640
i_64                            = $41C0 ; addr, local, , mk1_c, code_compiler, engine/player.h::player_move::3::45:640
decelerate_right                = $41AF ; addr, local, , mk1_c, code_compiler, engine/player.h::player_move::3::45:640
decelerate_left                 = $419F ; addr, local, , mk1_c, code_compiler, engine/player.h::player_move::3::45:640
h_acceleration_set              = $41AA ; addr, local, , mk1_c, code_compiler, engine/player.h::player_move::3::45:640
h_acceleration_done             = $4209 ; addr, local, , mk1_c, code_compiler, engine/player.h::player_move::2::51:802
h_decelerate_done               = $41C0 ; addr, local, , mk1_c, code_compiler, engine/player.h::player_move::3::45:640
i_67                            = $41E4 ; addr, local, , mk1_c, code_compiler, engine/player.h::player_move::2::50:763
accelerate_left_done            = $41E4 ; addr, local, , mk1_c, code_compiler, engine/player.h::player_move::2::50:763
i_68                            = $4209 ; addr, local, , mk1_c, code_compiler, engine/player.h::player_move::2::51:802
accelerate_right_done           = $4209 ; addr, local, , mk1_c, code_compiler, engine/player.h::player_move::2::51:802
i_69                            = $4227 ; addr, local, , mk1_c, code_compiler, engine/player.h::player_move::1::51:846
i_70                            = $423A ; addr, local, , mk1_c, code_compiler, engine/player.h::player_move::1::51:846
i_71                            = $42BD ; addr, local, , mk1_c, code_compiler, engine/player.h::player_move::3::53:886
i_73                            = $4286 ; addr, local, , mk1_c, code_compiler, engine/player.h::player_move::1::51:846
i_72                            = $42AE ; addr, local, , mk1_c, code_compiler, engine/player.h::player_move::3::53:886
i_75                            = $42BD ; addr, local, , mk1_c, code_compiler, engine/player.h::player_move::3::53:886
i_76                            = $4322 ; addr, local, , mk1_c, code_compiler, engine/player.h::player_move::3::56:961
i_78                            = $42EC ; addr, local, , mk1_c, code_compiler, engine/player.h::player_move::3::53:886
i_77                            = $4313 ; addr, local, , mk1_c, code_compiler, engine/player.h::player_move::3::56:961
i_80                            = $4322 ; addr, local, , mk1_c, code_compiler, engine/player.h::player_move::3::56:961
i_81                            = $4372 ; addr, local, , mk1_c, code_compiler, engine/player.h::player_move::1::59:1108
i_82                            = $4372 ; addr, local, , mk1_c, code_compiler, ./my/ci/player_center_checks.h::player_move::1::57:0
i_83                            = $4383 ; addr, local, , mk1_c, code_compiler, engine/player.h::player_move::2::60:1112
i_84                            = $4388 ; addr, local, , mk1_c, code_compiler, engine/player.h::player_move::2::60:1112
i_85                            = $43AE ; addr, local, , mk1_c, code_compiler, engine/player.h::player_move::2::60:1112
i_86                            = $43CD ; addr, local, , mk1_c, code_compiler, engine/player.h::player_move::2::60:1112
i_87                            = $43CD ; addr, local, , mk1_c, code_compiler, engine/player.h::player_move::2::60:1112
i_88                            = $43E2 ; addr, local, , mk1_c, code_compiler, engine/player.h::player_move::2::60:1112
i_89                            = $43E2 ; addr, local, , mk1_c, code_compiler, engine/player.h::player_move::2::60:1112
i_91                            = $4407 ; addr, local, , mk1_c, code_compiler, engine/player.h::player_move::2::60:1112
i_90                            = $4407 ; addr, local, , mk1_c, code_compiler, engine/player.h::player_move::2::60:1112
i_92_i_91                       = $43F0 ; addr, local, , mk1_c, code_compiler, engine/player.h::player_move::2::60:1112
i_93                            = $43FD ; addr, local, , mk1_c, code_compiler, engine/player.h::player_move::2::60:1112
i_94                            = $4400 ; addr, local, , mk1_c, code_compiler, engine/player.h::player_move::2::60:1112
i_95                            = $445B ; addr, local, , mk1_c, code_compiler, engine/player.h::player_move::2::60:1112
i_96                            = $4414 ; addr, local, , mk1_c, code_compiler, engine/player.h::player_move::2::60:1112
i_97                            = $4417 ; addr, local, , mk1_c, code_compiler, engine/player.h::player_move::2::60:1112
i_98                            = $442D ; addr, local, , mk1_c, code_compiler, engine/player.h::player_move::2::60:1112
i_99                            = $445B ; addr, local, , mk1_c, code_compiler, engine/player.h::player_move::2::60:1112
i_100                           = $444A ; addr, local, , mk1_c, code_compiler, engine/player.h::player_move::2::60:1112
_player_spr_setup               = $4471 ; addr, local, , mk1_c, code_compiler, engine/player.h::player_move::2::60:1112
_player_spr_setup_done          = $44A0 ; addr, local, , mk1_c, code_compiler, engine/player.h::player_move::2::60:1112
i_101                           = $44C2 ; addr, local, , mk1_c, code_compiler, engine/player.h::player_deplete::0::69:1488
i_102                           = $44C5 ; addr, local, , mk1_c, code_compiler, engine/player.h::player_deplete::0::69:1488
calc_baddies_pointer            = $44ED ; addr, local, , mk1_c, code_compiler, engine/enengine.h::player_kill::0::71:6
i_103                           = $44FF ; addr, local, , mk1_c, code_compiler, engine/enengine.h::enems_init::0::71:66
i_104                           = $4544 ; addr, local, , mk1_c, code_compiler, engine/enengine.h::enems_init::0::71:66
i_107                           = $455F ; addr, local, , mk1_c, code_compiler, engine/enengine.h::enems_load::0::73:79
i_105                           = $4558 ; addr, local, , mk1_c, code_compiler, engine/enengine.h::enems_load::0::73:79
i_106                           = $4715 ; addr, local, , mk1_c, code_compiler, engine/enengine.h::enems_load::3::80:231
_en_an_frame                    = $D603 ; const, local, , mk1_c, code_compiler, mk1.c::main::0::124:118
_en_an_state                    = $D60C ; const, local, , mk1_c, code_compiler, mk1.c::main::0::124:118
_en_an_count                    = $D606 ; const, local, , mk1_c, code_compiler, mk1.c::main::0::124:118
_en_an_next_frame               = $D63C ; const, local, , mk1_c, code_compiler, mk1.c::main::0::124:118
i_108                           = $461E ; addr, local, , mk1_c, code_compiler, engine/enengine.h::enems_load::5::77:202
i_111                           = $45CA ; addr, local, , mk1_c, code_compiler, engine/enengine.h::enems_load::3::75:122
i_112                           = $45E2 ; addr, local, , mk1_c, code_compiler, engine/enengine.h::enems_load::3::75:122
i_113                           = $45E2 ; addr, local, , mk1_c, code_compiler, engine/enengine.h::enems_load::3::75:122
i_114                           = $45E2 ; addr, local, , mk1_c, code_compiler, engine/enengine.h::enems_load::3::75:122
i_115                           = $45E2 ; addr, local, , mk1_c, code_compiler, engine/enengine.h::enems_load::3::75:122
i_116                           = $4610 ; addr, local, , mk1_c, code_compiler, engine/enengine.h::enems_load::5::77:202
_en_an_base_frame               = $D600 ; const, local, , mk1_c, code_compiler, mk1.c::main::0::124:118
i_110                           = $4629 ; addr, local, , mk1_c, code_compiler, engine/enengine.h::enems_load::5::77:202
i_117                           = $4629 ; addr, local, , mk1_c, code_compiler, engine/enengine.h::enems_load::5::77:202
i_118                           = $46FF ; addr, local, , mk1_c, code_compiler, engine/enengine.h::enems_load::5::77:202
redefine_sp_sw                  = $4647 ; addr, local, , mk1_c, code_compiler, engine/enengine.h::enems_load::5::77:202
i_119                           = $4712 ; addr, local, , mk1_c, code_compiler, engine/enengine.h::enems_load::5::77:202
enems_kill_noflag               = $4722 ; addr, local, , mk1_c, code_compiler, engine/enengine.h::enems_kill::0::80:235
i_122                           = $4743 ; addr, local, , mk1_c, code_compiler, engine/enengine.h::enems_move::0::81:265
i_120                           = $473E ; addr, local, , mk1_c, code_compiler, engine/enengine.h::enems_move::0::81:265
i_121                           = $49D8 ; addr, local, , mk1_c, code_compiler, engine/enengine.h::enems_move::4::90:787
_en_dying                       = $4793 ; addr, local, , mk1_c, code_compiler, engine/enengine.h::enems_move::0::81:265
_en_dying_done                  = $47BE ; addr, local, , mk1_c, code_compiler, engine/enengine.h::enems_move::0::81:265
_en_dying_dead                  = $47A9 ; addr, local, , mk1_c, code_compiler, engine/enengine.h::enems_move::0::81:265
_pregotten_calc                 = $47BE ; addr, local, , mk1_c, code_compiler, engine/enengine.h::enems_move::0::81:265
_pregotten_reset                = $47DA ; addr, local, , mk1_c, code_compiler, engine/enengine.h::enems_move::0::81:265
_pregotten_set                  = $47D6 ; addr, local, , mk1_c, code_compiler, engine/enengine.h::enems_move::0::81:265
_pregotten_write                = $47DB ; addr, local, , mk1_c, code_compiler, engine/enengine.h::enems_move::0::81:265
i_125                           = $47E3 ; addr, local, , mk1_c, code_compiler, engine/enengine.h::enems_move::3::83:416
i_126                           = $47FB ; addr, local, , mk1_c, code_compiler, engine/enengine.h::enems_move::3::83:416
i_127                           = $47FB ; addr, local, , mk1_c, code_compiler, engine/enengine.h::enems_move::3::83:416
i_128                           = $47FB ; addr, local, , mk1_c, code_compiler, engine/enengine.h::enems_move::3::83:416
i_129                           = $47FB ; addr, local, , mk1_c, code_compiler, engine/enengine.h::enems_move::3::83:416
i_124                           = $4851 ; addr, local, , mk1_c, code_compiler, engine/enengine.h::enems_move::4::84:444
_enems_lm_change_axis_x         = $481F ; addr, local, , mk1_c, code_compiler, ./engine/enem_mods/enem_type_lineal.h::enems_move::4::84:0
_enems_lm_change_axis_x_done    = $4827 ; addr, local, , mk1_c, code_compiler, ./engine/enem_mods/enem_type_lineal.h::enems_move::4::84:0
_enems_lm_change_axis_y         = $4846 ; addr, local, , mk1_c, code_compiler, ./engine/enem_mods/enem_type_lineal.h::enems_move::4::84:0
_enems_lm_change_axis_y_done    = $484E ; addr, local, , mk1_c, code_compiler, ./engine/enem_mods/enem_type_lineal.h::enems_move::4::84:0
enems_just_moved                = $4851 ; addr, local, , mk1_c, code_compiler, engine/enengine.h::enems_move::4::84:444
i_130                           = $494E ; addr, local, , mk1_c, code_compiler, engine/enengine.h::enems_move::4::90:787
_enems_move_update_frame_done   = $4897 ; addr, local, , mk1_c, code_compiler, engine/enengine.h::enems_move::4::84:444
i_132                           = $494E ; addr, local, , mk1_c, code_compiler, engine/enengine.h::enems_move::5::86:545
i_131                           = $494E ; addr, local, , mk1_c, code_compiler, engine/enengine.h::enems_move::7::90:602
i_133_i_132                     = $48B9 ; addr, local, , mk1_c, code_compiler, engine/enengine.h::enems_move::5::86:545
i_135                           = $491E ; addr, local, , mk1_c, code_compiler, engine/enengine.h::enems_move::5::86:545
i_134                           = $491E ; addr, local, , mk1_c, code_compiler, engine/enengine.h::enems_move::5::86:545
i_136_i_135                     = $48E3 ; addr, local, , mk1_c, code_compiler, engine/enengine.h::enems_move::5::86:545
i_137                           = $494E ; addr, local, , mk1_c, code_compiler, engine/enengine.h::enems_move::7::90:602
i_138                           = $494E ; addr, local, , mk1_c, code_compiler, engine/enengine.h::enems_move::7::90:602
_enem_spr_setup                 = $494E ; addr, local, , mk1_c, code_compiler, engine/enengine.h::enems_move::4::90:787
_en_an_sprid                    = $D609 ; const, local, , mk1_c, code_compiler, mk1.c::main::0::124:118
_set_current_frame              = $4990 ; addr, local, , mk1_c, code_compiler, engine/enengine.h::enems_move::4::90:787
_enem_spr_setup_done            = $49A5 ; addr, local, , mk1_c, code_compiler, engine/enengine.h::enems_move::4::90:787
init_hotspots_loop              = $49E3 ; addr, local, , mk1_c, code_compiler, engine/hotspots.h::hotspots_init::0::90:7
i_139                           = $49FF ; addr, local, , mk1_c, code_compiler, engine/hotspots.h::hotspots_do::0::91:30
i_140                           = $4AB5 ; addr, local, , mk1_c, code_compiler, engine/hotspots.h::hotspots_do::3::94:117
i_143                           = $4A2E ; addr, local, , mk1_c, code_compiler, engine/hotspots.h::hotspots_do::0::91:30
i_142                           = $4A64 ; addr, local, , mk1_c, code_compiler, engine/hotspots.h::hotspots_do::3::94:117
i_144                           = $4A34 ; addr, local, , mk1_c, code_compiler, engine/hotspots.h::hotspots_do::0::91:30
i_145                           = $4A56 ; addr, local, , mk1_c, code_compiler, engine/hotspots.h::hotspots_do::0::91:30
i_146                           = $4A5B ; addr, local, , mk1_c, code_compiler, engine/hotspots.h::hotspots_do::0::91:30
i_147                           = $4AB5 ; addr, local, , mk1_c, code_compiler, engine/hotspots.h::hotspots_do::3::94:117
EFECTO0                         = $4AB6 ; addr, local, , mk1_c, code_compiler, my/wyz/efectos.h::hotspots_do::0::95:29
EFECTO1                         = $4B11 ; addr, local, , mk1_c, code_compiler, my/wyz/efectos.h::hotspots_do::0::95:29
EFECTO2                         = $4B12 ; addr, local, , mk1_c, code_compiler, my/wyz/efectos.h::hotspots_do::0::95:29
EFECTO3                         = $4B13 ; addr, local, , mk1_c, code_compiler, my/wyz/efectos.h::hotspots_do::0::95:29
EFECTO4                         = $4B44 ; addr, local, , mk1_c, code_compiler, my/wyz/efectos.h::hotspots_do::0::95:29
EFECTO5                         = $4B45 ; addr, local, , mk1_c, code_compiler, my/wyz/efectos.h::hotspots_do::0::95:29
EFECTO6                         = $4B5B ; addr, local, , mk1_c, code_compiler, my/wyz/efectos.h::hotspots_do::0::95:29
EFECTO7                         = $4B5C ; addr, local, , mk1_c, code_compiler, my/wyz/efectos.h::hotspots_do::0::95:29
EFECTO8                         = $4B5D ; addr, local, , mk1_c, code_compiler, my/wyz/efectos.h::hotspots_do::0::95:29
EFECTO9                         = $4B5E ; addr, local, , mk1_c, code_compiler, my/wyz/efectos.h::hotspots_do::0::95:29
EFECTO10                        = $4B5F ; addr, local, , mk1_c, code_compiler, my/wyz/efectos.h::hotspots_do::0::95:29
EFECTO11                        = $4B60 ; addr, local, , mk1_c, code_compiler, my/wyz/efectos.h::hotspots_do::0::95:29
EFECTO12                        = $4B61 ; addr, local, , mk1_c, code_compiler, my/wyz/efectos.h::hotspots_do::0::95:29
EFECTO13                        = $4B86 ; addr, local, , mk1_c, code_compiler, my/wyz/efectos.h::hotspots_do::0::95:29
EFECTO14                        = $4BAB ; addr, local, , mk1_c, code_compiler, my/wyz/efectos.h::hotspots_do::0::95:29
TABLA_PAUTAS                    = $4BCA ; addr, local, , mk1_c, code_compiler, my/wyz/instrumentos.h::hotspots_do::0::95:7
PAUTA_0                         = $4BCE ; addr, local, , mk1_c, code_compiler, my/wyz/instrumentos.h::hotspots_do::0::95:7
TABLA_SONIDOS                   = $4BCC ; addr, local, , mk1_c, code_compiler, my/wyz/instrumentos.h::hotspots_do::0::95:7
_00_title_mus_bin               = $4BD7 ; addr, local, , mk1_c, code_compiler, my/wyz/songs.h::hotspots_do::0::95:6
_01_ingame_mus_bin              = $4C29 ; addr, local, , mk1_c, code_compiler, my/wyz/songs.h::hotspots_do::0::95:6
WYZPLAYER_INIT                  = $4C7C ; addr, local, , mk1_c, code_compiler, wyz_player.h::wyz_stop_sound::0::99:51
CARGA_CANCION                   = $4DE0 ; addr, local, , mk1_c, code_compiler, wyz_player.h::wyz_stop_sound::0::99:51
INICIA_EFECTO                   = $4CBC ; addr, local, , mk1_c, code_compiler, wyz_player.h::wyz_stop_sound::0::99:51
PLAYER_OFF                      = $4DBD ; addr, local, , mk1_c, code_compiler, wyz_player.h::wyz_stop_sound::0::99:51
CANAL_A                         = $51F6 ; addr, local, , mk1_c, code_compiler, wyz_player.h::wyz_stop_sound::0::99:51
CANAL_B                         = $51F8 ; addr, local, , mk1_c, code_compiler, wyz_player.h::wyz_stop_sound::0::99:51
CANAL_C                         = $51FA ; addr, local, , mk1_c, code_compiler, wyz_player.h::wyz_stop_sound::0::99:51
CANAL_P                         = $5224 ; addr, local, , mk1_c, code_compiler, wyz_player.h::wyz_stop_sound::0::99:51
INICIO                          = $4C95 ; addr, local, , mk1_c, code_compiler, wyz_player.h::wyz_stop_sound::0::99:51
WYZ_PLAYER_ISR                  = $4C95 ; addr, local, , mk1_c, code_compiler, wyz_player.h::wyz_stop_sound::0::99:51
ROUT                            = $4D81 ; addr, local, , mk1_c, code_compiler, wyz_player.h::wyz_stop_sound::0::99:51
PSG_REG                         = $523B ; addr, local, , mk1_c, code_compiler, wyz_player.h::wyz_stop_sound::0::99:51
PSG_REG_SEC                     = $524B ; addr, local, , mk1_c, code_compiler, wyz_player.h::wyz_stop_sound::0::99:51
REPRODUCE_SONIDO                = $4CD7 ; addr, local, , mk1_c, code_compiler, wyz_player.h::wyz_stop_sound::0::99:51
PLAY                            = $4F19 ; addr, local, , mk1_c, code_compiler, wyz_player.h::wyz_stop_sound::0::99:51
REPRODUCE_EFECTO                = $4CF6 ; addr, local, , mk1_c, code_compiler, wyz_player.h::wyz_stop_sound::0::99:51
INICIA_SONIDO                   = $4CAC ; addr, local, , mk1_c, code_compiler, wyz_player.h::wyz_stop_sound::0::99:51
EXT_WORD                        = $51C8 ; addr, local, , mk1_c, code_compiler, wyz_player.h::wyz_stop_sound::0::99:51
PUNTERO_SONIDO                  = $5235 ; addr, local, , mk1_c, code_compiler, wyz_player.h::wyz_stop_sound::0::99:51
INTERR                          = $51EC ; addr, local, , mk1_c, code_compiler, wyz_player.h::wyz_stop_sound::0::99:51
TABLA_EFECTOS                   = $52DB ; addr, local, , mk1_c, code_compiler, wyz_player.h::wyz_stop_sound::0::99:51
PUNTERO_EFECTO                  = $5214 ; addr, local, , mk1_c, code_compiler, wyz_player.h::wyz_stop_sound::0::99:51
TABLA_DATOS_CANAL_SFX           = $51D1 ; addr, local, , mk1_c, code_compiler, wyz_player.h::wyz_stop_sound::0::99:51
EFECTO_REGS                     = $5237 ; addr, local, , mk1_c, code_compiler, wyz_player.h::wyz_stop_sound::0::99:51
SONIDO_REGS                     = $5239 ; addr, local, , mk1_c, code_compiler, wyz_player.h::wyz_stop_sound::0::99:51
REPRODUCE_SONIDO_O_EFECTO       = $4D15 ; addr, local, , mk1_c, code_compiler, wyz_player.h::wyz_stop_sound::0::99:51
REPRODUCE_SONIDO_LIMPIA_BIT     = $4CF0 ; addr, local, , mk1_c, code_compiler, wyz_player.h::wyz_stop_sound::0::99:51
REPRODUCE_EFECTO_LIMPIA_BIT     = $4D0F ; addr, local, , mk1_c, code_compiler, wyz_player.h::wyz_stop_sound::0::99:51
FIN_SONIDO                      = $4D71 ; addr, local, , mk1_c, code_compiler, wyz_player.h::wyz_stop_sound::0::99:51
NO_ENVOLVENTES_SONIDO           = $4D57 ; addr, local, , mk1_c, code_compiler, wyz_player.h::wyz_stop_sound::0::99:51
NO_RUIDO                        = $4D64 ; addr, local, , mk1_c, code_compiler, wyz_player.h::wyz_stop_sound::0::99:51
SI_RUIDO                        = $4D6A ; addr, local, , mk1_c, code_compiler, wyz_player.h::wyz_stop_sound::0::99:51
ENVOLVENTE_BACK                 = $525C ; addr, local, , mk1_c, code_compiler, wyz_player.h::wyz_stop_sound::0::99:51
FIN_NOPLAYER                    = $4D7A ; addr, local, , mk1_c, code_compiler, wyz_player.h::wyz_stop_sound::0::99:51
NO_BACKUP_ENVOLVENTE            = $4D8B ; addr, local, , mk1_c, code_compiler, wyz_player.h::wyz_stop_sound::0::99:51
LOUT                            = $4D8E ; addr, local, , mk1_c, code_compiler, wyz_player.h::wyz_stop_sound::0::99:51
WRITEPSGHL                      = $4DA6 ; addr, local, , mk1_c, code_compiler, wyz_player.h::wyz_stop_sound::0::99:51
CLEAR_PSG_BUFFER                = $4DC1 ; addr, local, , mk1_c, code_compiler, wyz_player.h::wyz_stop_sound::0::99:51
SONG                            = $51ED ; addr, local, , mk1_c, code_compiler, wyz_player.h::wyz_stop_sound::0::99:51
DECODE_SONG                     = $4DE9 ; addr, local, , mk1_c, code_compiler, wyz_player.h::wyz_stop_sound::0::99:51
TABLA_SONG                      = $52D9 ; addr, local, , mk1_c, code_compiler, wyz_player.h::wyz_stop_sound::0::99:51
TEMPO                           = $51EE ; addr, local, , mk1_c, code_compiler, wyz_player.h::wyz_stop_sound::0::99:51
TTEMPO                          = $51EF ; addr, local, , mk1_c, code_compiler, wyz_player.h::wyz_stop_sound::0::99:51
NPTJP0                          = $4E05 ; addr, local, , mk1_c, code_compiler, wyz_player.h::wyz_stop_sound::0::99:51
PUNTERO_P_DECA                  = $5208 ; addr, local, , mk1_c, code_compiler, wyz_player.h::wyz_stop_sound::0::99:51
PUNTERO_L_DECA                  = $521C ; addr, local, , mk1_c, code_compiler, wyz_player.h::wyz_stop_sound::0::99:51
BGICMODBC1                      = $4E96 ; addr, local, , mk1_c, code_compiler, wyz_player.h::wyz_stop_sound::0::99:51
PUNTERO_P_DECB                  = $520A ; addr, local, , mk1_c, code_compiler, wyz_player.h::wyz_stop_sound::0::99:51
PUNTERO_L_DECB                  = $521E ; addr, local, , mk1_c, code_compiler, wyz_player.h::wyz_stop_sound::0::99:51
PUNTERO_P_DECC                  = $520C ; addr, local, , mk1_c, code_compiler, wyz_player.h::wyz_stop_sound::0::99:51
PUNTERO_L_DECC                  = $5220 ; addr, local, , mk1_c, code_compiler, wyz_player.h::wyz_stop_sound::0::99:51
PUNTERO_P_DECP                  = $5226 ; addr, local, , mk1_c, code_compiler, wyz_player.h::wyz_stop_sound::0::99:51
PUNTERO_L_DECP                  = $522A ; addr, local, , mk1_c, code_compiler, wyz_player.h::wyz_stop_sound::0::99:51
INIT_DECODER                    = $4E51 ; addr, local, , mk1_c, code_compiler, wyz_player.h::wyz_stop_sound::0::99:51
PUNTERO_A                       = $51F0 ; addr, local, , mk1_c, code_compiler, wyz_player.h::wyz_stop_sound::0::99:51
DECODE_CANAL                    = $4EB0 ; addr, local, , mk1_c, code_compiler, wyz_player.h::wyz_stop_sound::0::99:51
PUNTERO_DECA                    = $520E ; addr, local, , mk1_c, code_compiler, wyz_player.h::wyz_stop_sound::0::99:51
PUNTERO_B                       = $51F2 ; addr, local, , mk1_c, code_compiler, wyz_player.h::wyz_stop_sound::0::99:51
PUNTERO_DECB                    = $5210 ; addr, local, , mk1_c, code_compiler, wyz_player.h::wyz_stop_sound::0::99:51
PUNTERO_C                       = $51F4 ; addr, local, , mk1_c, code_compiler, wyz_player.h::wyz_stop_sound::0::99:51
PUNTERO_DECC                    = $5212 ; addr, local, , mk1_c, code_compiler, wyz_player.h::wyz_stop_sound::0::99:51
PUNTERO_P                       = $5222 ; addr, local, , mk1_c, code_compiler, wyz_player.h::wyz_stop_sound::0::99:51
PUNTERO_DECP                    = $5228 ; addr, local, , mk1_c, code_compiler, wyz_player.h::wyz_stop_sound::0::99:51
BGICMODBC2                      = $4E98 ; addr, local, , mk1_c, code_compiler, wyz_player.h::wyz_stop_sound::0::99:51
FIN_DEC_CANAL                   = $4F01 ; addr, local, , mk1_c, code_compiler, wyz_player.h::wyz_stop_sound::0::99:51
GETLEN                          = $4F06 ; addr, local, , mk1_c, code_compiler, wyz_player.h::wyz_stop_sound::0::99:51
NO_SILENCIO                     = $4EBF ; addr, local, , mk1_c, code_compiler, wyz_player.h::wyz_stop_sound::0::99:51
NO_MODIFICA                     = $4EF6 ; addr, local, , mk1_c, code_compiler, wyz_player.h::wyz_stop_sound::0::99:51
NO_PUNTILLO                     = $4EC9 ; addr, local, , mk1_c, code_compiler, wyz_player.h::wyz_stop_sound::0::99:51
NO_INSTRUMENTO                  = $4EDC ; addr, local, , mk1_c, code_compiler, wyz_player.h::wyz_stop_sound::0::99:51
NO_ENVOLVENTE                   = $4EE9 ; addr, local, , mk1_c, code_compiler, wyz_player.h::wyz_stop_sound::0::99:51
DCBC0                           = $4F13 ; addr, local, , mk1_c, code_compiler, wyz_player.h::wyz_stop_sound::0::99:51
PAUTAS                          = $4F5C ; addr, local, , mk1_c, code_compiler, wyz_player.h::wyz_stop_sound::0::99:51
LOCALIZA_NOTA                   = $4F86 ; addr, local, , mk1_c, code_compiler, wyz_player.h::wyz_stop_sound::0::99:51
LOCALIZA_EFECTO                 = $5081 ; addr, local, , mk1_c, code_compiler, wyz_player.h::wyz_stop_sound::0::99:51
PUNTERO_P_A                     = $51FC ; addr, local, , mk1_c, code_compiler, wyz_player.h::wyz_stop_sound::0::99:51
PAUTA                           = $50C8 ; addr, local, , mk1_c, code_compiler, wyz_player.h::wyz_stop_sound::0::99:51
PUNTERO_P_B                     = $51FE ; addr, local, , mk1_c, code_compiler, wyz_player.h::wyz_stop_sound::0::99:51
PUNTERO_P_C                     = $5200 ; addr, local, , mk1_c, code_compiler, wyz_player.h::wyz_stop_sound::0::99:51
LNJP0                           = $4FFD ; addr, local, , mk1_c, code_compiler, wyz_player.h::wyz_stop_sound::0::99:51
COMANDOS                        = $4F93 ; addr, local, , mk1_c, code_compiler, wyz_player.h::wyz_stop_sound::0::99:51
COM_EFECTO                      = $4FD8 ; addr, local, , mk1_c, code_compiler, wyz_player.h::wyz_stop_sound::0::99:51
NO_DEC_TEMPO                    = $4FA5 ; addr, local, , mk1_c, code_compiler, wyz_player.h::wyz_stop_sound::0::99:51
NO_INC_TEMPO                    = $4FAA ; addr, local, , mk1_c, code_compiler, wyz_player.h::wyz_stop_sound::0::99:51
VOL_INST_A                      = $5217 ; addr, local, , mk1_c, code_compiler, wyz_player.h::wyz_stop_sound::0::99:51
PUNTERO_P_A0                    = $5202 ; addr, local, , mk1_c, code_compiler, wyz_player.h::wyz_stop_sound::0::99:51
COM_ENVOLVENTE                  = $4FE8 ; addr, local, , mk1_c, code_compiler, wyz_player.h::wyz_stop_sound::0::99:51
ENVOLVENTE                      = $525B ; addr, local, , mk1_c, code_compiler, wyz_player.h::wyz_stop_sound::0::99:51
NO_FIN_CANAL_A                  = $5040 ; addr, local, , mk1_c, code_compiler, wyz_player.h::wyz_stop_sound::0::99:51
FIN_CANAL_A                     = $5027 ; addr, local, , mk1_c, code_compiler, wyz_player.h::wyz_stop_sound::0::99:51
FIN_NOTA_A                      = $5007 ; addr, local, , mk1_c, code_compiler, wyz_player.h::wyz_stop_sound::0::99:51
FCA_CONT                        = $5032 ; addr, local, , mk1_c, code_compiler, wyz_player.h::wyz_stop_sound::0::99:51
FIN_RUTINA                      = $5080 ; addr, local, , mk1_c, code_compiler, wyz_player.h::wyz_stop_sound::0::99:51
NO_SILENCIO_A                   = $506E ; addr, local, , mk1_c, code_compiler, wyz_player.h::wyz_stop_sound::0::99:51
SILENCIO_ENVOLVENTE             = $505B ; addr, local, , mk1_c, code_compiler, wyz_player.h::wyz_stop_sound::0::99:51
REG_NOTA_A                      = $5216 ; addr, local, , mk1_c, code_compiler, wyz_player.h::wyz_stop_sound::0::99:51
NOTA                            = $5168 ; addr, local, , mk1_c, code_compiler, wyz_player.h::wyz_stop_sound::0::99:51
LEJP0                           = $5098 ; addr, local, , mk1_c, code_compiler, wyz_player.h::wyz_stop_sound::0::99:51
NO_FIN_CANAL_P                  = $50C1 ; addr, local, , mk1_c, code_compiler, wyz_player.h::wyz_stop_sound::0::99:51
FIN_CANAL_P                     = $50B9 ; addr, local, , mk1_c, code_compiler, wyz_player.h::wyz_stop_sound::0::99:51
FIN_NOTA_P                      = $50A1 ; addr, local, , mk1_c, code_compiler, wyz_player.h::wyz_stop_sound::0::99:51
PCAJP4                          = $50D4 ; addr, local, , mk1_c, code_compiler, wyz_player.h::wyz_stop_sound::0::99:51
PCAJP0                          = $50E8 ; addr, local, , mk1_c, code_compiler, wyz_player.h::wyz_stop_sound::0::99:51
PCAJP1                          = $50FF ; addr, local, , mk1_c, code_compiler, wyz_player.h::wyz_stop_sound::0::99:51
PCAJP2                          = $5114 ; addr, local, , mk1_c, code_compiler, wyz_player.h::wyz_stop_sound::0::99:51
PCAJP6                          = $5146 ; addr, local, , mk1_c, code_compiler, wyz_player.h::wyz_stop_sound::0::99:51
ORNMJP1                         = $5152 ; addr, local, , mk1_c, code_compiler, wyz_player.h::wyz_stop_sound::0::99:51
ORNNEG                          = $5134 ; addr, local, , mk1_c, code_compiler, wyz_player.h::wyz_stop_sound::0::99:51
PCAJP3                          = $5136 ; addr, local, , mk1_c, code_compiler, wyz_player.h::wyz_stop_sound::0::99:51
TABLA_NOTAS                     = $5170 ; addr, local, , mk1_c, code_compiler, wyz_player.h::wyz_stop_sound::0::99:51
PCAJP5                          = $515A ; addr, local, , mk1_c, code_compiler, wyz_player.h::wyz_stop_sound::0::99:51
PCAJP7                          = $5164 ; addr, local, , mk1_c, code_compiler, wyz_player.h::wyz_stop_sound::0::99:51
EVOLVENTES                      = $517D ; addr, local, , mk1_c, code_compiler, wyz_player.h::wyz_stop_sound::0::99:51
DATOS_NOTAS                     = $525D ; addr, local, , mk1_c, code_compiler, wyz_player.h::wyz_stop_sound::0::99:51
FRECUENCIA_OFF                  = $5197 ; addr, local, , mk1_c, code_compiler, wyz_player.h::wyz_stop_sound::0::99:51
CONT_ENV                        = $51A0 ; addr, local, , mk1_c, code_compiler, wyz_player.h::wyz_stop_sound::0::99:51
CRTBC0                          = $51AA ; addr, local, , mk1_c, code_compiler, wyz_player.h::wyz_stop_sound::0::99:51
SELECT_CANAL_A                  = $51D7 ; addr, local, , mk1_c, code_compiler, wyz_player.h::wyz_stop_sound::0::99:51
SELECT_CANAL_B                  = $51DE ; addr, local, , mk1_c, code_compiler, wyz_player.h::wyz_stop_sound::0::99:51
SELECT_CANAL_C                  = $51E5 ; addr, local, , mk1_c, code_compiler, wyz_player.h::wyz_stop_sound::0::99:51
PUNTERO_P_B0                    = $5204 ; addr, local, , mk1_c, code_compiler, wyz_player.h::wyz_stop_sound::0::99:51
PUNTERO_P_C0                    = $5206 ; addr, local, , mk1_c, code_compiler, wyz_player.h::wyz_stop_sound::0::99:51
REG_NOTA_B                      = $5218 ; addr, local, , mk1_c, code_compiler, wyz_player.h::wyz_stop_sound::0::99:51
VOL_INST_B                      = $5219 ; addr, local, , mk1_c, code_compiler, wyz_player.h::wyz_stop_sound::0::99:51
REG_NOTA_C                      = $521A ; addr, local, , mk1_c, code_compiler, wyz_player.h::wyz_stop_sound::0::99:51
VOL_INST_C                      = $521B ; addr, local, , mk1_c, code_compiler, wyz_player.h::wyz_stop_sound::0::99:51
SFX_L                           = $522C ; addr, local, , mk1_c, code_compiler, wyz_player.h::wyz_stop_sound::0::99:51
SFX_H                           = $522E ; addr, local, , mk1_c, code_compiler, wyz_player.h::wyz_stop_sound::0::99:51
SFX_V                           = $5230 ; addr, local, , mk1_c, code_compiler, wyz_player.h::wyz_stop_sound::0::99:51
SFX_MIX                         = $5232 ; addr, local, , mk1_c, code_compiler, wyz_player.h::wyz_stop_sound::0::99:51
N_SONIDO                        = $5234 ; addr, local, , mk1_c, code_compiler, wyz_player.h::wyz_stop_sound::0::99:51
i_148                           = $5315 ; addr, local, , mk1_c, code_compiler, my/title_screen.h::title_screen::0::99:6
i_150                           = $532D ; addr, local, , mk1_c, code_compiler, my/title_screen.h::title_screen::0::99:6
i_149                           = $5346 ; addr, local, , mk1_c, code_compiler, my/title_screen.h::title_screen::0::99:6
i_151                           = $5315 ; addr, local, , mk1_c, code_compiler, my/title_screen.h::title_screen::0::99:6
_copy_keys_to_extern            = $5349 ; addr, local, , mk1_c, code_compiler, my/title_screen.h::title_screen::0::99:6
i_152                           = $5383 ; addr, local, , mk1_c, code_compiler, mainloop/hud.h::draw_hud::0::103:6
_isr                            = $53A3 ; addr, local, , mk1_c, code_compiler, mainloop.h::main::0::106:7
isr_done                        = $53D3 ; addr, local, , mk1_c, code_compiler, mainloop.h::main::0::106:7
isr_c1                          = $53D1 ; addr, local, , mk1_c, code_compiler, mainloop.h::main::0::106:7
_skip_player                    = $53CB ; addr, local, , mk1_c, code_compiler, mainloop.h::main::0::106:7
isr_c2                          = $53D2 ; addr, local, , mk1_c, code_compiler, mainloop.h::main::0::106:7
i_155                           = $5468 ; addr, local, , mk1_c, code_compiler, mainloop.h::main::0::106:7
i_153                           = $5463 ; addr, local, , mk1_c, code_compiler, mainloop.h::main::0::106:7
i_154                           = $54A7 ; addr, local, , mk1_c, code_compiler, mainloop.h::main::0::106:7
i_158                           = $54B5 ; addr, local, , mk1_c, code_compiler, mainloop.h::main::0::106:7
i_156                           = $54AE ; addr, local, , mk1_c, code_compiler, mainloop.h::main::0::106:7
i_157                           = $54F5 ; addr, local, , mk1_c, code_compiler, mainloop.h::main::0::106:7
_spr_on                         = $E648 ; const, local, , mk1_c, code_compiler, mk1.c::main::0::124:118
i_159                           = $54F6 ; addr, local, , mk1_c, code_compiler, mainloop.h::main::1::109:178
_game_loop_init                 = $5513 ; addr, local, , mk1_c, code_compiler, mainloop/game_loop.h::main::3::111:0
i_161                           = $555B ; addr, local, , mk1_c, code_compiler, mainloop/game_loop.h::main::3::111:54
i_162                           = $568C ; addr, local, , mk1_c, code_compiler, mainloop/game_loop.h::main::4::122:340
_game_loop_do                   = $5563 ; addr, local, , mk1_c, code_compiler, mainloop/game_loop.h::main::3::111:54
i_163                           = $5584 ; addr, local, , mk1_c, code_compiler, mainloop/game_loop.h::main::5::113:108
i_164                           = $55B7 ; addr, local, , mk1_c, code_compiler, mainloop/game_loop.h::main::5::113:108
i_165                           = $55B7 ; addr, local, , mk1_c, code_compiler, mainloop/game_loop.h::main::5::113:108
i_166                           = $55B7 ; addr, local, , mk1_c, code_compiler, mainloop/game_loop.h::main::5::113:108
i_167                           = $55E4 ; addr, local, , mk1_c, code_compiler, mainloop/game_loop.h::main::5::113:108
i_168                           = $55FF ; addr, local, , mk1_c, code_compiler, mainloop/game_loop.h::main::5::113:108
i_169                           = $55FF ; addr, local, , mk1_c, code_compiler, mainloop/game_loop.h::main::5::113:108
i_170                           = $5624 ; addr, local, , mk1_c, code_compiler, ./mainloop/flick_screen.h::main::4::119:0
i_171                           = $561D ; addr, local, , mk1_c, code_compiler, mainloop/game_loop.h::main::6::119:239
i_172                           = $5624 ; addr, local, , mk1_c, code_compiler, mainloop/game_loop.h::main::6::119:239
i_174                           = $5645 ; addr, local, , mk1_c, code_compiler, ./mainloop/flick_screen.h::main::4::119:0
i_173                           = $5645 ; addr, local, , mk1_c, code_compiler, ./mainloop/flick_screen.h::main::4::119:0
i_175_i_174                     = $5633 ; addr, local, , mk1_c, code_compiler, ./mainloop/flick_screen.h::main::4::119:0
i_177                           = $566D ; addr, local, , mk1_c, code_compiler, ./mainloop/flick_screen.h::main::4::119:0
i_176                           = $566D ; addr, local, , mk1_c, code_compiler, mainloop/game_loop.h::main::4::121:303
i_178_i_177                     = $565A ; addr, local, , mk1_c, code_compiler, ./mainloop/flick_screen.h::main::4::119:0
i_180                           = $567D ; addr, local, , mk1_c, code_compiler, mainloop/game_loop.h::main::4::121:303
i_179                           = $555B ; addr, local, , mk1_c, code_compiler, mainloop/game_loop.h::main::4::122:340
i_182                           = $569D ; addr, local, , mk1_c, code_compiler, mainloop.h::main::3::122:239
i_183                           = $56A0 ; addr, local, , mk1_c, code_compiler, mainloop.h::main::4::124:277
i_160                           = $56AE ; addr, local, , mk1_c, code_compiler, mainloop.h::main::2::124:284
soloCopia                       = $0593 ; addr, local, , cpc_ShowTileMap, , cpc_ShowTileMap.asm:37
contador_tiles                  = $05E5 ; addr, local, , cpc_ShowTileMap, , cpc_ShowTileMap.asm:109
contador_tiles2                 = $05E6 ; addr, local, , cpc_ShowTileMap, , cpc_ShowTileMap.asm:111
transferir_pantalla_a_superbuffer = $05A0 ; addr, local, , cpc_ShowTileMap, , cpc_ShowTileMap.asm:50
cpc_PutSp                       = $05FC ; addr, local, , cpc_ShowTileMap, , cpc_ShowTileMap.asm:142
bucle_dibujado_fondo            = $05A7 ; addr, local, , cpc_ShowTileMap, , cpc_ShowTileMap.asm:57
transferir_map_sbuffer          = $05E8 ; addr, local, , cpc_ShowTileMap, , cpc_ShowTileMap.asm:114
incremento2                     = $05D8 ; addr, local, , cpc_ShowTileMap, , cpc_ShowTileMap.asm:100
loop_alto_map_sbuffer           = $05EE ; addr, local, , cpc_ShowTileMap, , cpc_ShowTileMap.asm:120
loop_ancho_map_sbuffer          = $05EE ; addr, local, , cpc_ShowTileMap, , cpc_ShowTileMap.asm:121
loop_alto_2                     = $05FE ; addr, local, , cpc_ShowTileMap, , cpc_ShowTileMap.asm:147
sig_linea_2                     = $0615 ; addr, local, , cpc_ShowTileMap, , cpc_ShowTileMap.asm:184
PASARPORDETRAS                  = $0001 ; const, local, , cpc_UpdScr, , CPCconfig.def:8
_tiles_tocados_ptr              = $064A ; addr, local, , cpc_UpdScr, , cpc_UpdScr.asm:56
main_loop                       = $0635 ; addr, local, , cpc_UpdScr, , cpc_UpdScr.asm:38
process_touched_byte            = $064C ; addr, local, , cpc_UpdScr, , cpc_UpdScr.asm:59
bit0_skip                       = $065D ; addr, local, , cpc_UpdScr, , cpc_UpdScr.asm:71
ucopyTile                       = $06A7 ; addr, local, , cpc_UpdScr, , cpc_UpdScr.asm:134
bit1_skip                       = $0667 ; addr, local, , cpc_UpdScr, , cpc_UpdScr.asm:79
bit2_skip                       = $0671 ; addr, local, , cpc_UpdScr, , cpc_UpdScr.asm:87
bit3_skip                       = $067B ; addr, local, , cpc_UpdScr, , cpc_UpdScr.asm:95
bit4_skip                       = $0685 ; addr, local, , cpc_UpdScr, , cpc_UpdScr.asm:103
bit5_skip                       = $068F ; addr, local, , cpc_UpdScr, , cpc_UpdScr.asm:111
bit6_skip                       = $0699 ; addr, local, , cpc_UpdScr, , cpc_UpdScr.asm:119
bit7_skip                       = $06A3 ; addr, local, , cpc_UpdScr, , cpc_UpdScr.asm:127
skeep                           = $0700 ; addr, local, , cpc_UpdScr, , cpc_UpdScr.asm:242
transferir_map_sbuffer_grey     = $06C3 ; addr, local, , cpc_UpdScr, , cpc_UpdScr.asm:169
PASARPORDETRAS                  = $0001 ; const, local, , cpc_ShowTouchedTiles, , CPCconfig.def:8
bucle_cpc_ShowTouchedTiles      = $0710 ; addr, local, , cpc_ShowTouchedTiles, , cpc_ShowTouchedTiles.asm:46
process                         = $0721 ; addr, local, , cpc_ShowTouchedTiles, , cpc_ShowTouchedTiles.asm:65
skipall                         = $074D ; addr, local, , cpc_ShowTouchedTiles, , cpc_ShowTouchedTiles.asm:99
checkbit                        = $0759 ; addr, local, , cpc_ShowTouchedTiles, , cpc_ShowTouchedTiles.asm:113
noincd                          = $0755 ; addr, local, , cpc_ShowTouchedTiles, , cpc_ShowTouchedTiles.asm:107
checkbit_done                   = $0810 ; addr, local, , cpc_ShowTouchedTiles, , cpc_ShowTouchedTiles.asm:373
copyTile                        = $075C ; addr, local, , cpc_ShowTouchedTiles, , cpc_ShowTouchedTiles.asm:116
posicionar_superbuffer          = $075E ; addr, local, , cpc_ShowTouchedTiles, , cpc_ShowTouchedTiles.asm:122
posicionar_pantalla             = $0767 ; addr, local, , cpc_ShowTouchedTiles, , cpc_ShowTouchedTiles.asm:135
transf_bloque_sb_pantalla       = $0775 ; addr, local, , cpc_ShowTouchedTiles, , cpc_ShowTouchedTiles.asm:151
copycell                        = $07D2 ; addr, local, , cpc_ShowTouchedTiles, , cpc_ShowTouchedTiles.asm:275
copybgtile                      = $0786 ; addr, local, , cpc_ShowTouchedTiles, , cpc_ShowTouchedTiles.asm:168
copycell_done                   = $080E ; addr, local, , cpc_ShowTouchedTiles, , cpc_ShowTouchedTiles.asm:368
do_update                       = $082E ; addr, local, , cpc_PutSpTileMap4x8, , cpc_PutSpTileMap4x8.asm:49
origin_next_row                 = $084E ; addr, local, , cpc_PutSpTileMap4x8, , cpc_PutSpTileMap4x8.asm:79
fin                             = $0860 ; addr, local, , cpc_PutSpTileMap4x8, , cpc_PutSpTileMap4x8.asm:96
do_update                       = $087B ; addr, local, , cpc_PutSpTileMap8x16Px, , cpc_PutSpTileMap8x16Px.asm:50
origin_next_row                 = $08A0 ; addr, local, , cpc_PutSpTileMap8x16Px, , cpc_PutSpTileMap8x16Px.asm:85
origin_last_row                 = $08B3 ; addr, local, , cpc_PutSpTileMap8x16Px, , cpc_PutSpTileMap8x16Px.asm:105
fin                             = $08CA ; addr, local, , cpc_PutSpTileMap8x16Px, , cpc_PutSpTileMap8x16Px.asm:130
pulsado                         = $08E2 ; addr, local, , cpc_TestKey, , cpc_TestKey.asm:34
bucle_deteccion_tecla           = $090B ; addr, local, , cpc_AnyKeyPressed, , cpc_AnyKeyPressed.asm:13
tecla_pulsada                   = $091E ; addr, local, , cpc_AnyKeyPressed, , cpc_AnyKeyPressed.asm:25
CHURRERA_CLIPPING               = $0001 ; const, local, , cpc_UpdTileTable, , CPCconfig.def:16
pasa_bloque_a_sbuffer           = $0978 ; addr, local, , cpc_PutTrSp4x8TileMap2b, , cpc_PutTrSp4x8TileMap2b.asm:30
transferir_sprite               = $0978 ; addr, local, , cpc_PutTrSp4x8TileMap2b, , cpc_PutTrSp4x8TileMap2b.asm:32
sp_buffer_mask                  = $098F ; addr, local, , cpc_PutTrSp4x8TileMap2b, , cpc_PutTrSp4x8TileMap2b.asm:52
loop_alto_map_sbuffer           = $0995 ; addr, local, , cpc_PutTrSp4x8TileMap2b, , cpc_PutTrSp4x8TileMap2b.asm:58
pasa_bloque_a_sbuffer           = $09C0 ; addr, local, , cpc_PutTrSp8x16TileMap2bPx, , cpc_PutTrSp8x16TileMap2bPx.asm:33
transferir_sprite               = $09C0 ; addr, local, , cpc_PutTrSp8x16TileMap2bPx, , cpc_PutTrSp8x16TileMap2bPx.asm:35
sp_buffer_mask                  = $09D7 ; addr, local, , cpc_PutTrSp8x16TileMap2bPx, , cpc_PutTrSp8x16TileMap2bPx.asm:55
loop_alto_map_sbuffer_shifted   = $0A0E ; addr, local, , cpc_PutTrSp8x16TileMap2bPx, , cpc_PutTrSp8x16TileMap2bPx.asm:119
loop_alto_map_sbuffer           = $09E1 ; addr, local, , cpc_PutTrSp8x16TileMap2bPx, , cpc_PutTrSp8x16TileMap2bPx.asm:65
keymap0                         = $0A8C ; addr, local, , cpc_KeysData, , cpc_KeysData.asm:16
tecla_0                         = $0A96 ; addr, local, , cpc_KeysData, , cpc_KeysData.asm:18
tabla_teclas0                   = $0A98 ; addr, local, , cpc_KeysData, , cpc_KeysData.asm:20
noinc                           = $0ABE ; addr, local, , cpc_TblLookup, , cpc_TblLookup.asm:17
cpc_InvalidateRect_P            = $0AC8 ; addr, local, , cpc_InvalidateRect, , cpc_InvalidateRect.asm:42
noinc1                          = $0AEE ; addr, local, , cpc_InvalidateRect, , cpc_InvalidateRect.asm:86
invcollp                        = $0AF2 ; addr, local, , cpc_InvalidateRect, , cpc_InvalidateRect.asm:92
invfullchar                     = $0B05 ; addr, local, , cpc_InvalidateRect, , cpc_InvalidateRect.asm:109
noinc2                          = $0B01 ; addr, local, , cpc_InvalidateRect, , cpc_InvalidateRect.asm:103
invrowlp                        = $0B07 ; addr, local, , cpc_InvalidateRect, , cpc_InvalidateRect.asm:113
noinc3                          = $0B12 ; addr, local, , cpc_InvalidateRect, , cpc_InvalidateRect.asm:124
__CLIB_OPT_IMATH                = $0000 ; const, local, , l_divu_16_16x16, , ../config_private.inc:27
divide_zero                     = $5836 ; addr, local, , l_small_divu_16_16x16, code_math, ../_DEVELOPMENT/math/integer/small/l_small_divu_16_16x16.asm:141
divisor_sixteen_bit             = $5808 ; addr, local, , l_small_divu_16_16x16, code_math, ../_DEVELOPMENT/math/integer/small/l_small_divu_16_16x16.asm:50
loop_16_0                       = $580E ; addr, local, , l_small_divu_16_16x16, code_math, ../_DEVELOPMENT/math/integer/small/l_small_divu_16_16x16.asm:60
loop_16_1                       = $5816 ; addr, local, , l_small_divu_16_16x16, code_math, ../_DEVELOPMENT/math/integer/small/l_small_divu_16_16x16.asm:69
loop_8_0                        = $5828 ; addr, local, , l_small_divu_16_16x16, code_math, ../_DEVELOPMENT/math/integer/small/l_small_divu_16_16x16.asm:118
loop_8_2                        = $582F ; addr, local, , l_small_divu_16_16x16, code_math, ../_DEVELOPMENT/math/integer/small/l_small_divu_16_16x16.asm:127
loop_8_1                        = $5831 ; addr, local, , l_small_divu_16_16x16, code_math, ../_DEVELOPMENT/math/integer/small/l_small_divu_16_16x16.asm:132
l_sxt                           = $579F ; addr, local, , l_gchar, code_crt0_sccz80, sccz80/crt0_z80/l_gchar.asm:12
__CLIB_OPT_IMATH                = $0000 ; const, local, , l_mulu_16_16x16, , ../config_private.inc:27
eight_bit_1                     = $5849 ; addr, local, , l_small_mul_16_16x16, code_math, ../_DEVELOPMENT/math/integer/small/l_small_mul_16_16x16.asm:40
eight_bit_0                     = $5848 ; addr, local, , l_small_mul_16_16x16, code_math, ../_DEVELOPMENT/math/integer/small/l_small_mul_16_16x16.asm:36
rejoin                          = $584C ; addr, local, , l_small_mul_16_16x16, code_math, ../_DEVELOPMENT/math/integer/small/l_small_mul_16_16x16.asm:57
loop_0                          = $584F ; addr, local, , l_small_mul_16_16x16, code_math, ../_DEVELOPMENT/math/integer/small/l_small_mul_16_16x16.asm:61
loop_1                          = $5856 ; addr, local, , l_small_mul_16_16x16, code_math, ../_DEVELOPMENT/math/integer/small/l_small_mul_16_16x16.asm:75
TileMapConf                     = $0406 ; addr, public, , tilemap_conf_asm, , tilemap_conf.asm:75
_nametable                      = $0100 ; const, public, , tilemap_conf_asm, , tilemap_conf.asm:60
pantalla_juego                  = $0100 ; const, public, , tilemap_conf_asm, , tilemap_conf.asm:61
tiles_tocados                   = $CE00 ; const, public, , tilemap_conf_asm, , tilemap_conf.asm:58
posiciones_pantalla             = $0406 ; addr, public, , tilemap_conf_asm, , tilemap_conf.asm:77
posiciones_super_buffer         = $0436 ; addr, public, , tilemap_conf_asm, , tilemap_conf.asm:106
posicion_inicial_area_visible   = $C000 ; const, public, , tilemap_conf_asm, , tilemap_conf.asm:63
posicion_inicial_superbuffer    = $9000 ; const, public, , tilemap_conf_asm, , tilemap_conf.asm:64
ancho_pantalla_bytes            = $0040 ; const, public, , tilemap_conf_asm, , tilemap_conf.asm:69
alto_pantalla_bytes             = $00C0 ; const, public, , tilemap_conf_asm, , tilemap_conf.asm:70
ancho_pantalla_bytes_visible    = $0040 ; const, public, , tilemap_conf_asm, , tilemap_conf.asm:71
mascara1                        = $0000 ; const, public, , tilemap_conf_asm, , tilemap_conf.asm:53
mascara2                        = $0000 ; const, public, , tilemap_conf_asm, , tilemap_conf.asm:54
behindtilemasks                 = $0466 ; addr, public, , tilemap_conf_asm, , tilemap_conf.asm:139
viewport_x                      = $0001 ; const, public, , mk1_c, code_compiler, autodefs.h:8
viewport_y                      = $0002 ; const, public, , mk1_c, code_compiler, autodefs.h:8
tiles                           = $23ED ; addr, public, , mk1_c, code_compiler, assets/tileset.h::show_buffer_and_tiles::0::3:5
_def_keys                       = $0566 ; addr, public, , mk1_c, , my/config.h:256
_behs                           = $0B30 ; addr, public, , mk1_c, data_compiler, my/config.h:380
_enems_init                     = $44FB ; addr, public, , mk1_c, code_compiler, engine/enengine.h::enems_init::0::71:66
_enems_load                     = $4545 ; addr, public, , mk1_c, code_compiler, engine/enengine.h::enems_load::0::73:79
_enems_kill                     = $4716 ; addr, public, , mk1_c, code_compiler, engine/enengine.h::enems_kill::0::80:235
_enems_move                     = $4727 ; addr, public, , mk1_c, code_compiler, engine/enengine.h::enems_move::0::81:265
_collide                        = $3B47 ; addr, public, , mk1_c, code_compiler, engine/general.h::collide::0::21:14
_cm_two_points                  = $3B79 ; addr, public, , mk1_c, code_compiler, engine/general.h::cm_two_points::0::22:63
_rand                           = $3BD6 ; addr, public, , mk1_c, code_compiler, engine/general.h::rand::0::23:138
_abs                            = $3BFF ; addr, public, , mk1_c, code_compiler, engine/general.h::abs::0::24:182
_hotspots_init                  = $49D9 ; addr, public, , mk1_c, code_compiler, engine/hotspots.h::hotspots_init::0::90:7
_hotspots_do                    = $49E8 ; addr, public, , mk1_c, code_compiler, engine/hotspots.h::hotspots_do::0::91:30
_player_init                    = $3E98 ; addr, public, , mk1_c, code_compiler, engine/player.h::player_init::0::35:13
_player_calc_bounding_box       = $3F03 ; addr, public, , mk1_c, code_compiler, engine/player.h::player_calc_bounding_box::0::36:73
_player_move                    = $3F52 ; addr, public, , mk1_c, code_compiler, engine/player.h::player_move::0::37:247
_player_deplete                 = $44A1 ; addr, public, , mk1_c, code_compiler, engine/player.h::player_deplete::0::69:1488
_player_kill                    = $44CC ; addr, public, , mk1_c, code_compiler, engine/player.h::player_kill::0::70:1492
_draw_hud                       = $5355 ; addr, public, , mk1_c, code_compiler, mainloop/hud.h::draw_hud::0::103:6
_unpack                         = $17E6 ; addr, public, , mk1_c, code_compiler, aplib.h::unpack::0::0:155
_game_ending                    = $3C16 ; addr, public, , mk1_c, code_compiler, my/fixed_screens.h::game_ending::0::25:4
_game_over                      = $3C3E ; addr, public, , mk1_c, code_compiler, my/fixed_screens.h::game_over::0::26:19
_addsign                        = $3C88 ; addr, public, , mk1_c, code_compiler, engine.h::addsign::0::27:20
_espera_activa                  = $3CA2 ; addr, public, , mk1_c, code_compiler, engine.h::espera_activa::0::28:28
_draw_scr_background            = $3CC3 ; addr, public, , mk1_c, code_compiler, engine.h::draw_scr_background::0::30:352
_draw_scr                       = $3D45 ; addr, public, , mk1_c, code_compiler, engine.h::draw_scr::0::32:525
_mons_col_sc_x                  = $3DCC ; addr, public, , mk1_c, code_compiler, engine.h::mons_col_sc_x::0::33:768
_mons_col_sc_y                  = $3E3A ; addr, public, , mk1_c, code_compiler, engine.h::mons_col_sc_y::0::34:849
_blackout                       = $23C1 ; addr, public, , mk1_c, code_compiler, pantallas.h::blackout::0::1:32
_attr                           = $38D4 ; addr, public, , mk1_c, code_compiler, printer.h::attr::0::3:6
_qtile                          = $3904 ; addr, public, , mk1_c, code_compiler, printer.h::qtile::0::4:61
_draw_coloured_tile             = $393A ; addr, public, , mk1_c, code_compiler, printer.h::draw_coloured_tile::0::6:167
_invalidate_tile                = $3955 ; addr, public, , mk1_c, code_compiler, printer.h::invalidate_tile::0::7:450
_invalidate_viewport            = $396E ; addr, public, , mk1_c, code_compiler, printer.h::invalidate_viewport::0::8:470
_draw_invalidate_coloured_tile_gamearea = $397A ; addr, public, , mk1_c, code_compiler, printer.h::draw_invalidate_coloured_tile_gamearea::0::9:482
_draw_coloured_tile_gamearea    = $3981 ; addr, public, , mk1_c, code_compiler, printer.h::draw_coloured_tile_gamearea::0::10:487
_draw_decorations               = $399E ; addr, public, , mk1_c, code_compiler, printer.h::draw_decorations::0::11:491
_update_tile                    = $39D1 ; addr, public, , mk1_c, code_compiler, printer.h::update_tile::0::12:536
_print_number2                  = $3A02 ; addr, public, , mk1_c, code_compiler, printer.h::print_number2::0::13:578
_print_str                      = $3A49 ; addr, public, , mk1_c, code_compiler, printer.h::print_str::0::14:663
_clear_sprites                  = $3A78 ; addr, public, , mk1_c, code_compiler, printer.h::clear_sprites::0::15:717
_cpc_UpdateNow                  = $3AD4 ; addr, public, , mk1_c, code_compiler, engine/update.h::cpc_UpdateNow::0::18:9
_wyz_init                       = $4C38 ; addr, public, , mk1_c, code_compiler, wyz_player.h::wyz_init::0::95:9
_wyz_play_music                 = $4C43 ; addr, public, , mk1_c, code_compiler, wyz_player.h::wyz_play_music::0::96:18
_wyz_play_sound                 = $4C6B ; addr, public, , mk1_c, code_compiler, wyz_player.h::wyz_play_sound::0::97:30
_wyz_stop_sound                 = $4C74 ; addr, public, , mk1_c, code_compiler, wyz_player.h::wyz_stop_sound::0::98:41
_pad0                           = $56D9 ; addr, public, , mk1_c, bss_compiler, mk1.c::main::0::124:118
_enoffs                         = $56DA ; addr, public, , mk1_c, bss_compiler, mk1.c::main::0::124:118
_asm_number                     = $56DC ; addr, public, , mk1_c, bss_compiler, mk1.c::main::0::124:118
_asm_int                        = $56DD ; addr, public, , mk1_c, bss_compiler, mk1.c::main::0::124:118
_asm_int_2                      = $56DF ; addr, public, , mk1_c, bss_compiler, mk1.c::main::0::124:118
_seed                           = $56E1 ; addr, public, , mk1_c, bss_compiler, mk1.c::main::0::124:118
_half_life                      = $56E3 ; addr, public, , mk1_c, bss_compiler, mk1.c::main::0::124:118
_p_x                            = $56E4 ; addr, public, , mk1_c, bss_compiler, mk1.c::main::0::124:118
_p_y                            = $56E6 ; addr, public, , mk1_c, bss_compiler, mk1.c::main::0::124:118
_p_vx                           = $56E8 ; addr, public, , mk1_c, bss_compiler, mk1.c::main::0::124:118
_p_vy                           = $56EA ; addr, public, , mk1_c, bss_compiler, mk1.c::main::0::124:118
_p_saltando                     = $56EC ; addr, public, , mk1_c, bss_compiler, mk1.c::main::0::124:118
_p_cont_salto                   = $56ED ; addr, public, , mk1_c, bss_compiler, mk1.c::main::0::124:118
_p_frame                        = $56EE ; addr, public, , mk1_c, bss_compiler, mk1.c::main::0::124:118
_p_subframe                     = $56EF ; addr, public, , mk1_c, bss_compiler, mk1.c::main::0::124:118
_p_facing                       = $56F0 ; addr, public, , mk1_c, bss_compiler, mk1.c::main::0::124:118
_p_estado                       = $56F1 ; addr, public, , mk1_c, bss_compiler, mk1.c::main::0::124:118
_p_ct_estado                    = $56F2 ; addr, public, , mk1_c, bss_compiler, mk1.c::main::0::124:118
_p_gotten                       = $56F3 ; addr, public, , mk1_c, bss_compiler, mk1.c::main::0::124:118
_pregotten                      = $56F4 ; addr, public, , mk1_c, bss_compiler, mk1.c::main::0::124:118
_p_life                         = $56F5 ; addr, public, , mk1_c, bss_compiler, mk1.c::main::0::124:118
_p_objs                         = $56F6 ; addr, public, , mk1_c, bss_compiler, mk1.c::main::0::124:118
_p_keys                         = $56F7 ; addr, public, , mk1_c, bss_compiler, mk1.c::main::0::124:118
_p_fuel                         = $56F8 ; addr, public, , mk1_c, bss_compiler, mk1.c::main::0::124:118
_p_killed                       = $56F9 ; addr, public, , mk1_c, bss_compiler, mk1.c::main::0::124:118
_p_disparando                   = $56FA ; addr, public, , mk1_c, bss_compiler, mk1.c::main::0::124:118
_p_facing_v                     = $56FB ; addr, public, , mk1_c, bss_compiler, mk1.c::main::0::124:118
_p_facing_h                     = $56FC ; addr, public, , mk1_c, bss_compiler, mk1.c::main::0::124:118
_p_ammo                         = $56FD ; addr, public, , mk1_c, bss_compiler, mk1.c::main::0::124:118
_p_killme                       = $56FE ; addr, public, , mk1_c, bss_compiler, mk1.c::main::0::124:118
_p_kill_amt                     = $56FF ; addr, public, , mk1_c, bss_compiler, mk1.c::main::0::124:118
_p_tx                           = $5700 ; addr, public, , mk1_c, bss_compiler, mk1.c::main::0::124:118
_p_ty                           = $5701 ; addr, public, , mk1_c, bss_compiler, mk1.c::main::0::124:118
_ptgmx                          = $5702 ; addr, public, , mk1_c, bss_compiler, mk1.c::main::0::124:118
_ptgmy                          = $5704 ; addr, public, , mk1_c, bss_compiler, mk1.c::main::0::124:118
_spacer                         = $0B60 ; addr, public, , mk1_c, data_compiler, definitions.h:127
_enit                           = $5706 ; addr, public, , mk1_c, bss_compiler, mk1.c::main::0::124:118
_enspit                         = $5707 ; addr, public, , mk1_c, bss_compiler, mk1.c::main::0::124:118
__en_x                          = $5708 ; addr, public, , mk1_c, bss_compiler, mk1.c::main::0::124:118
__en_y                          = $5709 ; addr, public, , mk1_c, bss_compiler, mk1.c::main::0::124:118
__en_x1                         = $570A ; addr, public, , mk1_c, bss_compiler, mk1.c::main::0::124:118
__en_y1                         = $570B ; addr, public, , mk1_c, bss_compiler, mk1.c::main::0::124:118
__en_x2                         = $570C ; addr, public, , mk1_c, bss_compiler, mk1.c::main::0::124:118
__en_y2                         = $570D ; addr, public, , mk1_c, bss_compiler, mk1.c::main::0::124:118
__en_mx                         = $570E ; addr, public, , mk1_c, bss_compiler, mk1.c::main::0::124:118
__en_my                         = $570F ; addr, public, , mk1_c, bss_compiler, mk1.c::main::0::124:118
__en_t                          = $5710 ; addr, public, , mk1_c, bss_compiler, mk1.c::main::0::124:118
__en_life                       = $5711 ; addr, public, , mk1_c, bss_compiler, mk1.c::main::0::124:118
__baddies_pointer               = $5712 ; addr, public, , mk1_c, bss_compiler, mk1.c::main::0::124:118
_hotspot_x                      = $5714 ; addr, public, , mk1_c, bss_compiler, mk1.c::main::0::124:118
_hotspot_y                      = $5715 ; addr, public, , mk1_c, bss_compiler, mk1.c::main::0::124:118
_hotspot_destroy                = $5716 ; addr, public, , mk1_c, bss_compiler, mk1.c::main::0::124:118
_orig_tile                      = $5717 ; addr, public, , mk1_c, bss_compiler, mk1.c::main::0::124:118
_flags                          = $5718 ; addr, public, , mk1_c, bss_compiler, mk1.c::main::0::124:118
_o_pant                         = $5739 ; addr, public, , mk1_c, bss_compiler, mk1.c::main::0::124:118
_n_pant                         = $573A ; addr, public, , mk1_c, bss_compiler, mk1.c::main::0::124:118
_is_rendering                   = $573B ; addr, public, , mk1_c, bss_compiler, mk1.c::main::0::124:118
_level                          = $573C ; addr, public, , mk1_c, bss_compiler, mk1.c::main::0::124:118
_slevel                         = $573D ; addr, public, , mk1_c, bss_compiler, mk1.c::main::0::124:118
_warp_to_level                  = $0B62 ; addr, public, , mk1_c, data_compiler, definitions.h:209
_maincounter                    = $573E ; addr, public, , mk1_c, bss_compiler, mk1.c::main::0::124:118
_timer_on                       = $573F ; addr, public, , mk1_c, bss_compiler, mk1.c::main::0::124:118
_timer_t                        = $5740 ; addr, public, , mk1_c, bss_compiler, mk1.c::main::0::124:118
_timer_frames                   = $5741 ; addr, public, , mk1_c, bss_compiler, mk1.c::main::0::124:118
_timer_count                    = $5742 ; addr, public, , mk1_c, bss_compiler, mk1.c::main::0::124:118
_timer_zero                     = $5743 ; addr, public, , mk1_c, bss_compiler, mk1.c::main::0::124:118
_gpx                            = $5744 ; addr, public, , mk1_c, bss_compiler, mk1.c::main::0::124:118
_gpox                           = $5745 ; addr, public, , mk1_c, bss_compiler, mk1.c::main::0::124:118
_gpy                            = $5746 ; addr, public, , mk1_c, bss_compiler, mk1.c::main::0::124:118
_gpd                            = $5747 ; addr, public, , mk1_c, bss_compiler, mk1.c::main::0::124:118
_gpc                            = $5748 ; addr, public, , mk1_c, bss_compiler, mk1.c::main::0::124:118
_gpt                            = $5749 ; addr, public, , mk1_c, bss_compiler, mk1.c::main::0::124:118
_gpxx                           = $574A ; addr, public, , mk1_c, bss_compiler, mk1.c::main::0::124:118
_gpyy                           = $574B ; addr, public, , mk1_c, bss_compiler, mk1.c::main::0::124:118
_gpcx                           = $574C ; addr, public, , mk1_c, bss_compiler, mk1.c::main::0::124:118
_gpcy                           = $574D ; addr, public, , mk1_c, bss_compiler, mk1.c::main::0::124:118
_possee                         = $574E ; addr, public, , mk1_c, bss_compiler, mk1.c::main::0::124:118
_hit_v                          = $574F ; addr, public, , mk1_c, bss_compiler, mk1.c::main::0::124:118
_hit_h                          = $5750 ; addr, public, , mk1_c, bss_compiler, mk1.c::main::0::124:118
_hit                            = $5751 ; addr, public, , mk1_c, bss_compiler, mk1.c::main::0::124:118
_wall_h                         = $5752 ; addr, public, , mk1_c, bss_compiler, mk1.c::main::0::124:118
_wall_v                         = $5753 ; addr, public, , mk1_c, bss_compiler, mk1.c::main::0::124:118
_gpen_x                         = $5754 ; addr, public, , mk1_c, bss_compiler, mk1.c::main::0::124:118
_gpen_y                         = $5755 ; addr, public, , mk1_c, bss_compiler, mk1.c::main::0::124:118
_gpen_cx                        = $5756 ; addr, public, , mk1_c, bss_compiler, mk1.c::main::0::124:118
_gpen_cy                        = $5757 ; addr, public, , mk1_c, bss_compiler, mk1.c::main::0::124:118
_gpaux                          = $5758 ; addr, public, , mk1_c, bss_compiler, mk1.c::main::0::124:118
_tocado                         = $5759 ; addr, public, , mk1_c, bss_compiler, mk1.c::main::0::124:118
_active                         = $575A ; addr, public, , mk1_c, bss_compiler, mk1.c::main::0::124:118
_gpit                           = $575B ; addr, public, , mk1_c, bss_compiler, mk1.c::main::0::124:118
_gpjt                           = $575C ; addr, public, , mk1_c, bss_compiler, mk1.c::main::0::124:118
_enoffsmasi                     = $575D ; addr, public, , mk1_c, bss_compiler, mk1.c::main::0::124:118
_gpint                          = $575F ; addr, public, , mk1_c, bss_compiler, mk1.c::main::0::124:118
_map_pointer                    = $5761 ; addr, public, , mk1_c, bss_compiler, mk1.c::main::0::124:118
_rdx                            = $5763 ; addr, public, , mk1_c, bss_compiler, mk1.c::main::0::124:118
_rdy                            = $5764 ; addr, public, , mk1_c, bss_compiler, mk1.c::main::0::124:118
_rda                            = $5765 ; addr, public, , mk1_c, bss_compiler, mk1.c::main::0::124:118
_rdb                            = $5766 ; addr, public, , mk1_c, bss_compiler, mk1.c::main::0::124:118
_rdc                            = $5767 ; addr, public, , mk1_c, bss_compiler, mk1.c::main::0::124:118
_rdd                            = $5768 ; addr, public, , mk1_c, bss_compiler, mk1.c::main::0::124:118
_rdn                            = $5769 ; addr, public, , mk1_c, bss_compiler, mk1.c::main::0::124:118
_rdt                            = $576A ; addr, public, , mk1_c, bss_compiler, mk1.c::main::0::124:118
_itj                            = $576B ; addr, public, , mk1_c, bss_compiler, mk1.c::main::0::124:118
_objs_old                       = $576D ; addr, public, , mk1_c, bss_compiler, mk1.c::main::0::124:118
_keys_old                       = $576E ; addr, public, , mk1_c, bss_compiler, mk1.c::main::0::124:118
_life_old                       = $576F ; addr, public, , mk1_c, bss_compiler, mk1.c::main::0::124:118
_killed_old                     = $5770 ; addr, public, , mk1_c, bss_compiler, mk1.c::main::0::124:118
_gen_pt                         = $5771 ; addr, public, , mk1_c, bss_compiler, mk1.c::main::0::124:118
_playing                        = $5773 ; addr, public, , mk1_c, bss_compiler, mk1.c::main::0::124:118
_success                        = $5774 ; addr, public, , mk1_c, bss_compiler, mk1.c::main::0::124:118
__x                             = $5775 ; addr, public, , mk1_c, bss_compiler, mk1.c::main::0::124:118
__y                             = $5776 ; addr, public, , mk1_c, bss_compiler, mk1.c::main::0::124:118
__n                             = $5777 ; addr, public, , mk1_c, bss_compiler, mk1.c::main::0::124:118
__t                             = $5778 ; addr, public, , mk1_c, bss_compiler, mk1.c::main::0::124:118
_cx1                            = $5779 ; addr, public, , mk1_c, bss_compiler, mk1.c::main::0::124:118
_cy1                            = $577A ; addr, public, , mk1_c, bss_compiler, mk1.c::main::0::124:118
_cx2                            = $577B ; addr, public, , mk1_c, bss_compiler, mk1.c::main::0::124:118
_cy2                            = $577C ; addr, public, , mk1_c, bss_compiler, mk1.c::main::0::124:118
_at1                            = $577D ; addr, public, , mk1_c, bss_compiler, mk1.c::main::0::124:118
_at2                            = $577E ; addr, public, , mk1_c, bss_compiler, mk1.c::main::0::124:118
_x0                             = $577F ; addr, public, , mk1_c, bss_compiler, mk1.c::main::0::124:118
_y0                             = $5780 ; addr, public, , mk1_c, bss_compiler, mk1.c::main::0::124:118
_x1                             = $5781 ; addr, public, , mk1_c, bss_compiler, mk1.c::main::0::124:118
_y1                             = $5782 ; addr, public, , mk1_c, bss_compiler, mk1.c::main::0::124:118
_ptx1                           = $5783 ; addr, public, , mk1_c, bss_compiler, mk1.c::main::0::124:118
_pty1                           = $5784 ; addr, public, , mk1_c, bss_compiler, mk1.c::main::0::124:118
_ptx2                           = $5785 ; addr, public, , mk1_c, bss_compiler, mk1.c::main::0::124:118
_pty2                           = $5786 ; addr, public, , mk1_c, bss_compiler, mk1.c::main::0::124:118
_pty2b                          = $5787 ; addr, public, , mk1_c, bss_compiler, mk1.c::main::0::124:118
__gp_gen                        = $5788 ; addr, public, , mk1_c, bss_compiler, mk1.c::main::0::124:118
_def_keys_joy                   = $170C ; addr, public, , mk1_c, code_compiler, definitions.h:327
_isr_player_on                  = $578A ; addr, public, , mk1_c, bss_compiler, mk1.c::main::0::124:118
_t_seconds                      = $578B ; addr, public, , mk1_c, bss_compiler, mk1.c::main::0::124:118
_is_joystick                    = $578D ; addr, public, , mk1_c, bss_compiler, mk1.c::main::0::124:118
_ram_address                    = $578E ; addr, public, , mk1_c, bss_compiler, mk1.c::main::0::124:118
_ram_destination                = $5790 ; addr, public, , mk1_c, bss_compiler, mk1.c::main::0::124:118
_s_title                        = $1801 ; addr, public, , mk1_c, code_compiler, pantallas.h::unpack::0::1:13
_s_marco                        = $1ECD ; addr, public, , mk1_c, code_compiler, pantallas.h::unpack::0::1:13
_s_ending                       = $205C ; addr, public, , mk1_c, code_compiler, pantallas.h::unpack::0::1:25
_show_buffer_and_tiles          = $23E0 ; addr, public, , mk1_c, code_compiler, pantallas.h::show_buffer_and_tiles::0::2:55
_my_inks                        = $56AF ; addr, public, , mk1_c, rodata_compiler, assets/pal.h::show_buffer_and_tiles::0::3:5
_mapa                           = $0B63 ; addr, public, , mk1_c, data_compiler, assets/mapa.h::show_buffer_and_tiles::0::3:5
_cerrojos                       = $5792 ; addr, public, , mk1_c, bss_compiler, mk1.c::main::0::124:118
_tileset                        = $23ED ; addr, public, , mk1_c, code_compiler, assets/tileset.h::show_buffer_and_tiles::0::3:5
_malotes                        = $14C3 ; addr, public, , mk1_c, data_compiler, assets/enems.h::show_buffer_and_tiles::0::3:17
_hotspots                       = $1673 ; addr, public, , mk1_c, data_compiler, assets/enems.h::show_buffer_and_tiles::0::3:116
_sprites                        = $33ED ; addr, public, , mk1_c, code_compiler, assets/sprites.h::show_buffer_and_tiles::0::3:10
_sprite_17_a                    = $37ED ; addr, public, , mk1_c, code_compiler, assets/extrasprites.h::show_buffer_and_tiles::0::3:23
_sprite_18_a                    = $382D ; addr, public, , mk1_c, code_compiler, assets/extrasprites.h::show_buffer_and_tiles::0::3:30
_sm_cox                         = $16A3 ; addr, public, , mk1_c, data_compiler, assets/spriteset_mappings.h::show_buffer_and_tiles::0::3:9
_sm_coy                         = $16B3 ; addr, public, , mk1_c, data_compiler, assets/spriteset_mappings.h::show_buffer_and_tiles::0::3:14
_sm_invfunc                     = $16C3 ; addr, public, , mk1_c, data_compiler, assets/spriteset_mappings.h::show_buffer_and_tiles::0::3:19
_sm_updfunc                     = $16E3 ; addr, public, , mk1_c, data_compiler, assets/spriteset_mappings.h::show_buffer_and_tiles::0::3:26
_sm_sprptr                      = $388D ; addr, public, , mk1_c, code_compiler, assets/spriteset_mappings.h::show_buffer_and_tiles::0::3:34
_trpixlutc                      = $38AD ; addr, public, , mk1_c, code_compiler, assets/trpixlut.h::show_buffer_and_tiles::0::3:6
__tile_address                  = $3922 ; addr, public, , mk1_c, code_compiler, printer.h::_tile_address::0::5:134
_utaux                          = $1703 ; addr, public, , mk1_c, data_compiler, printer.h::draw_decorations::0::12:535
_pal_set                        = $3AA6 ; addr, public, , mk1_c, code_compiler, printer.h::pal_set::0::17:727
_wyz_songs                      = $4C34 ; addr, public, , mk1_c, code_compiler, my/wyz/songs.h::hotspots_do::0::95:6
_title_screen                   = $52F9 ; addr, public, , mk1_c, code_compiler, my/title_screen.h::title_screen::0::99:6
_main                           = $5384 ; addr, public, , mk1_c, code_compiler, mainloop.h::main::0::106:7
cpc_ShowTileMap                 = $057E ; addr, public, , cpc_ShowTileMap, , cpc_ShowTileMap.asm:20
cpc_ResetTouchedTiles           = $0619 ; addr, public, , cpc_ResetTouchedTiles, , cpc_ResetTouchedTiles.asm:18
cpc_UpdScr                      = $0627 ; addr, public, , cpc_UpdScr, , cpc_UpdScr.asm:29
cpc_ShowTouchedTiles            = $0704 ; addr, public, , cpc_ShowTouchedTiles, , cpc_ShowTouchedTiles.asm:36
cpc_PutSpTileMap4x8             = $0814 ; addr, public, , cpc_PutSpTileMap4x8, , cpc_PutSpTileMap4x8.asm:25
cpc_PutSpTileMap8x16Px          = $0861 ; addr, public, , cpc_PutSpTileMap8x16Px, , cpc_PutSpTileMap8x16Px.asm:26
cpc_TestKey                     = $08CB ; addr, public, , cpc_TestKey, , cpc_TestKey.asm:14
cpc_TestKeyboard                = $08E5 ; addr, public, , cpc_TestKeyboard, , cpc_TestKeyboard.asm:3
cpc_AnyKeyPressed               = $0909 ; addr, public, , cpc_AnyKeyPressed, , cpc_AnyKeyPressed.asm:11
cpc_SetMode                     = $0923 ; addr, public, , cpc_SetMode, , cpc_SetMode.asm:8
cpc_SetColour                   = $092D ; addr, public, , cpc_SetColour, , cpc_SetColour.asm:8
cpc_UpdTileTable                = $094E ; addr, public, , cpc_UpdTileTable, , cpc_UpdTileTable.asm:54
cpc_UpdTileTableClp             = $0940 ; addr, public, , cpc_UpdTileTable, , cpc_UpdTileTable.asm:32
cpc_PutTrSp4x8TileMap2b         = $096D ; addr, public, , cpc_PutTrSp4x8TileMap2b, , cpc_PutTrSp4x8TileMap2b.asm:19
cpc_PutTrSp8x16TileMap2bPx      = $09B2 ; addr, public, , cpc_PutTrSp8x16TileMap2bPx, , cpc_PutTrSp8x16TileMap2bPx.asm:20
cpc_KeysData                    = $0A8C ; addr, public, , cpc_KeysData, , cpc_KeysData.asm:14
tabla_teclas                    = $0A98 ; addr, public, , cpc_KeysData, , cpc_KeysData.asm:40
keymap                          = $0A8C ; addr, public, , cpc_KeysData, , cpc_KeysData.asm:41
cpc_Bit2Mask                    = $0AB1 ; addr, public, , cpc_Bit2Mask, , cpc_Bit2Mask.asm:5
cpc_TblLookup                   = $0AB9 ; addr, public, , cpc_TblLookup, , cpc_TblLookup.asm:11
cpc_InvalidateRect              = $0AC0 ; addr, public, , cpc_InvalidateRect, , cpc_InvalidateRect.asm:29
cpc_bitright2mask               = $0B20 ; addr, public, , cpc_bitright2mask, , cpc_bitright2mask.asm:4
cpc_bitleft2mask                = $0B28 ; addr, public, , cpc_bitleft2mask, , cpc_bitleft2mask.asm:4
l_div_u                         = $57FF ; addr, public, , l_div_u, code_crt0_sccz80, sccz80/crt0_z80/l_div_u.asm:17
l_divu_16_16x16                 = $5800 ; addr, public, , l_divu_16_16x16, code_math, ../_DEVELOPMENT/math/integer/l_divu_16_16x16.asm:22
l0_divu_16_16x16                = $5804 ; addr, public, , l_divu_16_16x16, code_math, ../_DEVELOPMENT/math/integer/l_divu_16_16x16.asm:23
l_small_divu_16_16x16           = $5800 ; addr, public, , l_small_divu_16_16x16, code_math, ../_DEVELOPMENT/math/integer/small/l_small_divu_16_16x16.asm:17
l0_small_divu_16_16x16          = $5804 ; addr, public, , l_small_divu_16_16x16, code_math, ../_DEVELOPMENT/math/integer/small/l_small_divu_16_16x16.asm:42
l_small_divu_16_16x8            = $5820 ; addr, public, , l_small_divu_16_16x16, code_math, ../_DEVELOPMENT/math/integer/small/l_small_divu_16_16x16.asm:87
l0_small_divu_16_16x8           = $5824 ; addr, public, , l_small_divu_16_16x16, code_math, ../_DEVELOPMENT/math/integer/small/l_small_divu_16_16x16.asm:112
error_divide_by_zero_mc         = $585D ; addr, public, , error_divide_by_zero_mc, code_error, ../_DEVELOPMENT/error/z80/error_divide_by_zero_mc.asm:12
error_edom_mc                   = $585D ; addr, public, , error_edom_mc, code_error, ../_DEVELOPMENT/error/z80/error_edom_mc.asm:57
errno_mc                        = $585F ; addr, public, , errno_mc, code_error, ../_DEVELOPMENT/error/z80/errno_mc.asm:21
_errno                          = $586F ; addr, public, , _errno, bss_error, ../_DEVELOPMENT/error/z80/_errno.asm:7
error_mc                        = $586A ; addr, public, , error_mc, code_error, ../_DEVELOPMENT/error/z80/error_mc.asm:11
l_eq                            = $5794 ; addr, public, , l_eq, code_crt0_sccz80, sccz80/crt0_z80/l_eq.asm:17
l_gchar                         = $579E ; addr, public, , l_gchar, code_crt0_sccz80, sccz80/crt0_z80/l_gchar.asm:11
l_gint                          = $57A4 ; addr, public, , l_gint, code_crt0_sccz80, sccz80/crt0_z80/l_gint.asm:11
l_gintsp                        = $57A9 ; addr, public, , l_gintsp, code_crt0_sccz80, sccz80/crt0_z80/l_gintsp.asm:7
l_gt                            = $57B1 ; addr, public, , l_gt, code_crt0_sccz80, sccz80/crt0_z80/l_gt.asm:15
l_compare_result                = $57C1 ; addr, public, , l_compare_result, code_crt0_sccz80, sccz80/crt0_z80/l_compare_result.asm:4
l_lneg                          = $57C7 ; addr, public, , l_lneg, code_crt0_sccz80, sccz80/crt0_z80/l_lneg.asm:14
l_lt                            = $57D0 ; addr, public, , l_lt, code_crt0_sccz80, sccz80/crt0_z80/l_lt.asm:15
l_mult                          = $583A ; addr, public, , l_mul, code_crt0_sccz80, sccz80/crt0_z80/l_mul.asm:12
l_mulu_16_16x16                 = $583A ; addr, public, , l_mulu_16_16x16, code_math, ../_DEVELOPMENT/math/integer/l_mulu_16_16x16.asm:36
l_small_mul_16_16x16            = $583A ; addr, public, , l_small_mul_16_16x16, code_math, ../_DEVELOPMENT/math/integer/small/l_small_mul_16_16x16.asm:10
l_small_mul_16_16x8             = $5849 ; addr, public, , l_small_mul_16_16x16, code_math, ../_DEVELOPMENT/math/integer/small/l_small_mul_16_16x16.asm:42
l_ne                            = $57E0 ; addr, public, , l_ne, code_crt0_sccz80, sccz80/crt0_z80/l_ne.asm:16
l_neg                           = $57EB ; addr, public, , l_neg, code_crt0_sccz80, sccz80/crt0_z80/l_neg.asm:13
l_pint                          = $57F3 ; addr, public, , l_pint, code_crt0_sccz80, sccz80/crt0_z80/l_pint.asm:11
l_pint_pop                      = $57F9 ; addr, public, , l_pint_pop, code_crt0_sccz80, sccz80/crt0_z80/l_pint_pop.asm:12
__head                          = $0400 ; const, public, def, , ,
__tail                          = $5871 ; const, public, def, , ,
__size                          = $5471 ; const, public, def, , ,
__data_compiler_head            = $0B30 ; const, public, def, , ,
__data_compiler_tail            = $1704 ; const, public, def, , ,
__data_compiler_size            = $0BD4 ; const, public, def, , ,
__code_compiler_head            = $1704 ; const, public, def, , ,
__code_compiler_tail            = $56AF ; const, public, def, , ,
__code_compiler_size            = $3FAB ; const, public, def, , ,
__rodata_compiler_head          = $56AF ; const, public, def, , ,
__rodata_compiler_tail          = $56D9 ; const, public, def, , ,
__rodata_compiler_size          = $002A ; const, public, def, , ,
__bss_compiler_head             = $56D9 ; const, public, def, , ,
__bss_compiler_tail             = $5794 ; const, public, def, , ,
__bss_compiler_size             = $00BB ; const, public, def, , ,
__code_crt0_sccz80_head         = $5794 ; const, public, def, , ,
__code_crt0_sccz80_tail         = $57FF ; const, public, def, , ,
__code_crt0_sccz80_size         = $006B ; const, public, def, , ,
__code_clib_head                = $57FF ; const, public, def, , ,
__code_clib_tail                = $57FF ; const, public, def, , ,
__code_clib_size                = $0000 ; const, public, def, , ,
__code_math_head                = $57FF ; const, public, def, , ,
__code_math_tail                = $585A ; const, public, def, , ,
__code_math_size                = $005B ; const, public, def, , ,
__code_error_head               = $585A ; const, public, def, , ,
__code_error_tail               = $586F ; const, public, def, , ,
__code_error_size               = $0015 ; const, public, def, , ,
__bss_clib_head                 = $586F ; const, public, def, , ,
__bss_clib_tail                 = $586F ; const, public, def, , ,
__bss_clib_size                 = $0000 ; const, public, def, , ,
__bss_error_head                = $586F ; const, public, def, , ,
__bss_error_tail                = $5871 ; const, public, def, , ,
__bss_error_size                = $0002 ; const, public, def, , ,
